[saaslyn-merge-html.netlify.app/index.html]
[backblue.gif]
[fade.gif]
[index.html]
[saaslyn-html.netlify.app/assets/images/preview.png]
[saaslyn-merge-html.netlify.app/assets/images/favicon.png]
[saaslyn-merge-html.netlify.app/assets/css/style.css]
[saaslyn-merge-html.netlify.app/assets/images/logo-icon.svg]
[saaslyn-merge-html.netlify.app/assets/images/logo.svg]
[saaslyn-merge-html.netlify.app/assets/images/new-images-v2/menu-mega-1.png]
[saaslyn-merge-html.netlify.app/assets/images/new-images-v2/menu-mega-2.png]
[saaslyn-merge-html.netlify.app/index-2.html]
[saaslyn-merge-html.netlify.app/assets/images/new-images-v2/menu-mega-3.png]
[saaslyn-merge-html.netlify.app/index-3.html]
[saaslyn-merge-html.netlify.app/assets/images/new-images-v2/menu-mega-4.png]
[saaslyn-merge-html.netlify.app/index-4.html]
[saaslyn-merge-html.netlify.app/assets/images/new-images-v2/menu-mega-5.png]
[saaslyn-merge-html.netlify.app/index-5.html]
[saaslyn-merge-html.netlify.app/assets/images/new-images-v2/menu-mega-6.png]
[saaslyn-merge-html.netlify.app/index-6.html]
[saaslyn-merge-html.netlify.app/assets/images/new-images-v2/menu-mega-7.png]
[saaslyn-merge-html.netlify.app/index-7.html]
[saaslyn-merge-html.netlify.app/assets/images/new-images-v2/menu-mega-8.png]
[saaslyn-merge-html.netlify.app/index-8.html]
[saaslyn-merge-html.netlify.app/assets/images/new-images-v2/menu-mega-9.png]
[saaslyn-merge-html.netlify.app/index-9.html]
[saaslyn-merge-html.netlify.app/assets/images/new-images-v2/menu-mega-10.png]
[saaslyn-merge-html.netlify.app/index-10.html]
[saaslyn-merge-html.netlify.app/assets/images/new-images-v2/menu-mega-11.png]
[saaslyn-merge-html.netlify.app/index-11.html]
[saaslyn-merge-html.netlify.app/assets/images/new-images-v2/menu-mega-12.png]
[saaslyn-merge-html.netlify.app/index-12.html]
[saaslyn-merge-html.netlify.app/assets/images/new-images-v2/menu-mega-13.png]
[saaslyn-merge-html.netlify.app/index-13.html]
[saaslyn-merge-html.netlify.app/assets/images/new-images-v2/menu-mega-14.png]
[saaslyn-merge-html.netlify.app/index-14.html]
[saaslyn-merge-html.netlify.app/assets/images/new-images-v2/menu-mega-15.png]
[saaslyn-merge-html.netlify.app/index-15.html]
[saaslyn-merge-html.netlify.app/assets/images/new-images-v2/menu-mega-16.png]
[saaslyn-merge-html.netlify.app/index-16.html]
[saaslyn-merge-html.netlify.app/assets/images/new-images-v2/menu-mega-17.png]
[saaslyn-merge-html.netlify.app/index-17.html]
[saaslyn-merge-html.netlify.app/assets/images/new-images-v2/menu-mega-18.png]
[saaslyn-merge-html.netlify.app/index-18.html]
[saaslyn-merge-html.netlify.app/assets/images/new-images-v2/menu-mega-19.png]
[saaslyn-merge-html.netlify.app/index-19.html]
[saaslyn-merge-html.netlify.app/assets/images/new-images-v2/menu-mega-20.png]
[saaslyn-merge-html.netlify.app/index-20.html]
[saaslyn-merge-html.netlify.app/assets/images/new-images-v2/menu-mega-21.png]
[saaslyn-merge-html.netlify.app/index-21.html]
[saaslyn-merge-html.netlify.app/about.html]
[saaslyn-merge-html.netlify.app/features.html]
[saaslyn-merge-html.netlify.app/service.html]
[saaslyn-merge-html.netlify.app/service-details.html]
[saaslyn-merge-html.netlify.app/team.html]
[saaslyn-merge-html.netlify.app/team-details.html]
[saaslyn-merge-html.netlify.app/pricing.html]
[saaslyn-merge-html.netlify.app/faq.html]
[saaslyn-merge-html.netlify.app/login.html]
[saaslyn-merge-html.netlify.app/sign-up.html]
[saaslyn-merge-html.netlify.app/terms-condition.html]
[saaslyn-merge-html.netlify.app/privacy-policy.html]
[saaslyn-merge-html.netlify.app/404.html]
[saaslyn-merge-html.netlify.app/blog.html]
[saaslyn-merge-html.netlify.app/blog-standard.html]
[saaslyn-merge-html.netlify.app/blog-details.html]
[saaslyn-merge-html.netlify.app/contact.html]
[saaslyn-merge-html.netlify.app/assets/images/sideber/sideber.webp]
[saaslyn-merge-html.netlify.app/assets/images/banner/banner-one-bg.png]
[saaslyn-merge-html.netlify.app/assets/images/banner/banner-one-thumb.png]
[saaslyn-merge-html.netlify.app/assets/images/banner/star-1.png]
[saaslyn-merge-html.netlify.app/assets/images/banner/star-2.png]
[saaslyn-merge-html.netlify.app/assets/images/banner/arrow.png]
[saaslyn-merge-html.netlify.app/assets/images/features/features-item-shape.png]
[saaslyn-merge-html.netlify.app/assets/images/report-customize/user-avatar-1.png]
[saaslyn-merge-html.netlify.app/assets/images/report-customize/user-avatar-2.png]
[saaslyn-merge-html.netlify.app/assets/images/report-customize/user-avatar-3.png]
[saaslyn-merge-html.netlify.app/assets/images/report-customize/user-avatar-4.png]
[saaslyn-merge-html.netlify.app/assets/images/report-customize/bg-shape.png]
[saaslyn-merge-html.netlify.app/assets/images/reports/shape-1.png]
[saaslyn-merge-html.netlify.app/assets/images/reports/shape-2.png]
[saaslyn-merge-html.netlify.app/assets/images/testimonial/testimonial-card-bg.png]
[saaslyn-merge-html.netlify.app/assets/images/testimonial/brand-1.png]
[saaslyn-merge-html.netlify.app/assets/images/testimonial/user-1.png]
[saaslyn-merge-html.netlify.app/assets/images/testimonial/brand-2.png]
[saaslyn-merge-html.netlify.app/assets/images/testimonial/user-2.png]
[saaslyn-merge-html.netlify.app/assets/images/testimonial/brand-3.png]
[saaslyn-merge-html.netlify.app/assets/images/testimonial/user-3.png]
[saaslyn-merge-html.netlify.app/assets/images/testimonial/brand-4.png]
[saaslyn-merge-html.netlify.app/assets/images/testimonial/user-4.png]
[saaslyn-merge-html.netlify.app/assets/images/testimonial/brand-5.png]
[saaslyn-merge-html.netlify.app/assets/images/testimonial/user-5.png]
[saaslyn-merge-html.netlify.app/assets/images/testimonial/brand-6.png]
[saaslyn-merge-html.netlify.app/assets/images/testimonial/user-6.png]
[saaslyn-merge-html.netlify.app/assets/images/pricing/pricing-bg.png]
[saaslyn-merge-html.netlify.app/assets/images/blog/blog-thumb-1.png]
[saaslyn-merge-html.netlify.app/assets/images/blog/blog-thumb-2.png]
[saaslyn-merge-html.netlify.app/assets/images/blog/blog-thumb-3.png]
[saaslyn-merge-html.netlify.app/assets/images/cta/cta-bg.png]
[saaslyn-merge-html.netlify.app/assets/images/footer-long-text.svg]
[saaslyn-merge-html.netlify.app/assets/images/footer/footer-content-bg.png]
[saaslyn-merge-html.netlify.app/assets/js/vendor/jquery-3.7.1.min.js]
[saaslyn-merge-html.netlify.app/assets/js/vendor/counter.js]
[saaslyn-merge-html.netlify.app/assets/js/vendor/bootstrap.bundle.min.js]
[saaslyn-merge-html.netlify.app/assets/js/vendor/jquery.meanmenu.min.js]
[saaslyn-merge-html.netlify.app/assets/js/vendor/swiper-bundle.min.js]
[saaslyn-merge-html.netlify.app/assets/js/vendor/jquery.magnific-popup.min.js]
[saaslyn-merge-html.netlify.app/assets/js/vendor/chart.js]
[saaslyn-merge-html.netlify.app/assets/js/vendor/gsap.min.js]
[saaslyn-merge-html.netlify.app/assets/js/vendor/ScrollSmoother.min.js]
[saaslyn-merge-html.netlify.app/assets/js/vendor/ScrollTrigger.min.js]
[saaslyn-merge-html.netlify.app/assets/js/vendor/ScrollToPlugin.min.js]
[saaslyn-merge-html.netlify.app/assets/js/vendor/SplitText.min.js]
[saaslyn-merge-html.netlify.app/assets/js/vendor/split-types.min.js]
[saaslyn-merge-html.netlify.app/assets/js/vendor/MotionPathPlugin.min.js]
[saaslyn-merge-html.netlify.app/assets/js/vendor/backToTop.js]
[saaslyn-merge-html.netlify.app/assets/js/main.js]
[saaslyn-merge-html.netlify.app/index.html]
[saaslyn-merge-html.netlify.app/assets/plugins/bootstrap.min.css]
[saaslyn-merge-html.netlify.app/assets/plugins/fortAwesome.css]
[saaslyn-merge-html.netlify.app/assets/plugins/select2.css]
[saaslyn-merge-html.netlify.app/assets/plugins/swiper-bundle.min.css]
[saaslyn-merge-html.netlify.app/assets/plugins/meanmenu.min.css]
[saaslyn-merge-html.netlify.app/assets/plugins/magnific-popup.css]
[saaslyn-merge-html.netlify.app/assets/css/plugins.css]
[saaslyn-merge-html.netlify.app/assets/images/cross-out.png]
[saaslyn-merge-html.netlify.app/assets/css/style.css]
[saaslyn-merge-html.netlify.app/assets/images/logo-icon.svg]
[saaslyn-merge-html.netlify.app/assets/images/logo.svg]
[saaslyn-merge-html.netlify.app/assets/images/logo-2.svg]
[saaslyn-merge-html.netlify.app/assets/images/banner/user-avatar-1.png]
[saaslyn-merge-html.netlify.app/assets/images/banner/user-avatar-2.png]
[saaslyn-merge-html.netlify.app/assets/images/banner/user-avatar-3.png]
[saaslyn-merge-html.netlify.app/assets/images/banner/user-avatar-4.png]
[saaslyn-merge-html.netlify.app/assets/images/banner/banner-two-thumb.png]
[saaslyn-merge-html.netlify.app/assets/images/banner/banner-two-graph-1.png]
[saaslyn-merge-html.netlify.app/assets/images/banner/banner-two-graph-2.png]
[saaslyn-merge-html.netlify.app/assets/images/banner/banner-two-doots-shape.png]
[saaslyn-merge-html.netlify.app/assets/images/features/features-2-shape-1.png]
[saaslyn-merge-html.netlify.app/assets/images/features/features-2-bg.png]
[saaslyn-merge-html.netlify.app/assets/images/features/features-2-item-thumb-1.svg]
[saaslyn-merge-html.netlify.app/assets/images/features/features-2-item-thumb-2.svg]
[saaslyn-merge-html.netlify.app/assets/images/features/features-2-item-thumb-3.svg]
[saaslyn-merge-html.netlify.app/assets/images/features/features-2-item-thumb-4.svg]
[saaslyn-merge-html.netlify.app/assets/images/features/features-2-thumb.png]
[saaslyn-merge-html.netlify.app/assets/images/integration/icons/integration-icon-1.png]
[saaslyn-merge-html.netlify.app/assets/images/integration/icons/integration-icon-2.png]
[saaslyn-merge-html.netlify.app/assets/images/integration/icons/integration-icon-3.png]
[saaslyn-merge-html.netlify.app/assets/images/integration/icons/integration-icon-4.png]
[saaslyn-merge-html.netlify.app/assets/images/integration/icons/integration-icon-5.png]
[saaslyn-merge-html.netlify.app/assets/images/integration/icons/integration-icon-6.png]
[saaslyn-merge-html.netlify.app/assets/images/integration/icons/integration-icon-7.png]
[saaslyn-merge-html.netlify.app/assets/images/integration/icons/integration-icon-8.png]
[saaslyn-merge-html.netlify.app/assets/images/workflow/workflow-bg.png]
[saaslyn-merge-html.netlify.app/assets/images/workflow/workflow-header-shape.png]
[saaslyn-merge-html.netlify.app/assets/images/benefits/benefits-item-bg.png]
[saaslyn-merge-html.netlify.app/assets/images/pricing/shape-3.png]
[saaslyn-merge-html.netlify.app/assets/images/pricing/pricing-2-money-icon.svg]
[saaslyn-merge-html.netlify.app/assets/images/pricing/pricing-item-bg.png]
[saaslyn-merge-html.netlify.app/assets/images/testimonial/test-author-1.png]
[saaslyn-merge-html.netlify.app/assets/images/testimonial/test-author-2.png]
[saaslyn-merge-html.netlify.app/assets/images/testimonial/test-author-3.png]
[saaslyn-merge-html.netlify.app/assets/images/testimonial/test-author-4.png]
[saaslyn-merge-html.netlify.app/assets/images/testimonial/author-1.png]
[saaslyn-merge-html.netlify.app/assets/images/brand/brand-logo-1.png]
[saaslyn-merge-html.netlify.app/assets/images/brand/brand-logo-2.png]
[saaslyn-merge-html.netlify.app/assets/images/brand/brand-logo-3.png]
[saaslyn-merge-html.netlify.app/assets/images/brand/brand-logo-4.png]
[saaslyn-merge-html.netlify.app/assets/images/brand/brand-logo-5.png]
[saaslyn-merge-html.netlify.app/assets/images/brand/brand-logo-6.png]
[saaslyn-merge-html.netlify.app/assets/images/brand/brand-logo-7.png]
[saaslyn-merge-html.netlify.app/assets/images/brand/brand-logo-8.png]
[saaslyn-merge-html.netlify.app/assets/images/brand/brand-logo-9.png]
[saaslyn-merge-html.netlify.app/assets/images/brand/brand-logo-10.png]
[saaslyn-merge-html.netlify.app/assets/images/brand/brand-logo-11.png]
[saaslyn-merge-html.netlify.app/assets/images/brand/brand-logo-12.png]
[saaslyn-merge-html.netlify.app/assets/images/brand/brand-logo-13.png]
[saaslyn-merge-html.netlify.app/assets/images/brand/brand-logo-14.png]
[saaslyn-merge-html.netlify.app/assets/images/faq/faq-2-content-icon.png]
[saaslyn-merge-html.netlify.app/assets/images/cta/cta-2-bg.png]
[saaslyn-merge-html.netlify.app/assets/images/cta/cta-2-thumb.png]
[saaslyn-merge-html.netlify.app/index-2.html]
[saaslyn-merge-html.netlify.app/assets/images/banner/banner-three-bg.png]
[saaslyn-merge-html.netlify.app/assets/images/banner/banner-three-shape-1.png]
[saaslyn-merge-html.netlify.app/assets/images/banner/banner-three-cube.png]
[saaslyn-merge-html.netlify.app/assets/images/banner/banner-three-bot.png]
[saaslyn-merge-html.netlify.app/assets/images/banner/banner-three-aichat.png]
[saaslyn-merge-html.netlify.app/assets/images/banner/banner-three-thumb.png]
[saaslyn-merge-html.netlify.app/assets/images/features/features-3-bg-doots.svg]
[saaslyn-merge-html.netlify.app/assets/images/features/features-3-features.svg]
[saaslyn-merge-html.netlify.app/assets/images/awesome-features/feature-1.png]
[saaslyn-merge-html.netlify.app/assets/images/awesome-features/feature-2.png]
[saaslyn-merge-html.netlify.app/assets/images/awesome-features/feature-3.png]
[saaslyn-merge-html.netlify.app/assets/images/pricing/pricing-3-save.png]
[saaslyn-merge-html.netlify.app/assets/images/testimonial/author-6.png]
[saaslyn-merge-html.netlify.app/assets/images/testimonial/author-7.png]
[saaslyn-merge-html.netlify.app/assets/images/testimonial/author-8.png]
[saaslyn-merge-html.netlify.app/assets/images/faq/faq-3-bg-shape.png]
[saaslyn-merge-html.netlify.app/assets/images/blog/blog-thumb-3-1.png]
[saaslyn-merge-html.netlify.app/assets/images/blog/blog-thumb-3-2.png]
[saaslyn-merge-html.netlify.app/assets/images/blog/blog-3-bg-shape.png]
[saaslyn-merge-html.netlify.app/assets/images/cta/cta-3-dot-bg.svg]
[saaslyn-merge-html.netlify.app/assets/images/cta/cta-3-box-1.png]
[saaslyn-merge-html.netlify.app/assets/images/cta/cta-3-box-2.png]
[saaslyn-merge-html.netlify.app/assets/images/cta/cta-3-doll-1.svg]
[saaslyn-merge-html.netlify.app/assets/images/cta/cta-3-doll-2.svg]
[saaslyn-merge-html.netlify.app/assets/images/footer/footer-three-bg.svg]
[saaslyn-merge-html.netlify.app/assets/images/logo-light.svg]
[saaslyn-merge-html.netlify.app/assets/images/footer/footer-3-logo.svg]
[saaslyn-merge-html.netlify.app/index-3.html]
[saaslyn-merge-html.netlify.app/assets/css/new-css-v2/style.css]
[saaslyn-merge-html.netlify.app/about-one.html]
[saaslyn-merge-html.netlify.app/about-two.html]
[saaslyn-merge-html.netlify.app/blog-two.html]
[saaslyn-merge-html.netlify.app/blog-sidebar.html]
[saaslyn-merge-html.netlify.app/blog-details-v3.html]
[saaslyn-merge-html.netlify.app/pricing-v2.html]
[saaslyn-merge-html.netlify.app/service-v2.html]
[saaslyn-merge-html.netlify.app/teams.html]
[saaslyn-merge-html.netlify.app/teams-details.html]
[saaslyn-merge-html.netlify.app/testimonial.html]
[saaslyn-merge-html.netlify.app/faq-v2.html]
[saaslyn-merge-html.netlify.app/sign-in.html]
[saaslyn-merge-html.netlify.app/sign-up-v2.html]
[saaslyn-merge-html.netlify.app/password.html]
[saaslyn-merge-html.netlify.app/privacy.html]
[saaslyn-merge-html.netlify.app/terms.html]
[saaslyn-merge-html.netlify.app/error.html]
[saaslyn-merge-html.netlify.app/contact-v1.html]
[saaslyn-merge-html.netlify.app/assets/images/new-images-v2/hero-bg-canvas.png]
[saaslyn-merge-html.netlify.app/assets/images/new-images-v2/hero/hero-1.png]
[saaslyn-merge-html.netlify.app/assets/images/new-images-v2/shapes/service-bg-sp.png]
[saaslyn-merge-html.netlify.app/assets/images/new-images-v2/industries/industries-1.png]
[saaslyn-merge-html.netlify.app/assets/images/new-images-v2/industries/industries-2.png]
[saaslyn-merge-html.netlify.app/assets/images/new-images-v2/industries/industries-3.png]
[saaslyn-merge-html.netlify.app/assets/images/new-images-v2/data/data-1.svg]
[saaslyn-merge-html.netlify.app/assets/images/new-images-v2/data/data-2.svg]
[saaslyn-merge-html.netlify.app/assets/images/new-images-v2/shapes/data.png]
[saaslyn-merge-html.netlify.app/assets/images/new-images-v2/resources/resources-1.png]
[saaslyn-merge-html.netlify.app/assets/images/new-images-v2/resources/resources-2.png]
[saaslyn-merge-html.netlify.app/assets/images/new-images-v2/resources/resources-3.png]
[saaslyn-merge-html.netlify.app/assets/images/new-images-v2/shapes/noise.png]
[saaslyn-merge-html.netlify.app/assets/images/new-images-v2/shapes/subscribe-left.png]
[saaslyn-merge-html.netlify.app/assets/images/new-images-v2/shapes/subscribe-right.png]
[saaslyn-merge-html.netlify.app/assets/js/new-js-v2/jquery-3.7.1.min.js]
[saaslyn-merge-html.netlify.app/assets/js/new-js-v2/bootstrap.bundle.min.js]
[saaslyn-merge-html.netlify.app/assets/js/new-js-v2/jquery.mixitup.min.js]
[saaslyn-merge-html.netlify.app/assets/js/new-js-v2/swiper-bundle.min.js]
[saaslyn-merge-html.netlify.app/assets/js/new-js-v2/jquery.magnific-popup.min.js]
[saaslyn-merge-html.netlify.app/assets/js/new-js-v2/odometer.min.js]
[saaslyn-merge-html.netlify.app/assets/js/new-js-v2/viewport.jquery.js]
[saaslyn-merge-html.netlify.app/assets/js/new-js-v2/jquery.meanmenu.min.js]
[saaslyn-merge-html.netlify.app/assets/js/new-js-v2/YouTubePopUp.js]
[saaslyn-merge-html.netlify.app/assets/js/new-js-v2/select2.js]
[saaslyn-merge-html.netlify.app/assets/js/new-js-v2/gsap.min.js]
[saaslyn-merge-html.netlify.app/assets/js/new-js-v2/main.js]
[saaslyn-merge-html.netlify.app/index-4.html]
[saaslyn-merge-html.netlify.app/assets/images/new-images-v2/hero/hero-galery.png]
[saaslyn-merge-html.netlify.app/assets/images/new-images-v2/shapes/hero-apttern-bg.png]
[saaslyn-merge-html.netlify.app/assets/images/new-images-v2/powerai-symbol.png]
[saaslyn-merge-html.netlify.app/assets/images/new-images-v2/shapes/devider-2.png]
[saaslyn-merge-html.netlify.app/assets/images/new-images-v2/shapes/img-chose-arrow.png]
[saaslyn-merge-html.netlify.app/assets/images/new-images-v2/shapes/img-chose-star.png]
[saaslyn-merge-html.netlify.app/assets/images/new-images-v2/shapes/img-chose-wev.png]
[saaslyn-merge-html.netlify.app/assets/images/new-images-v2/works-img-ai.png]
[saaslyn-merge-html.netlify.app/assets/images/new-images-v2/showcase/showcase-1.png]
[saaslyn-merge-html.netlify.app/assets/images/new-images-v2/showcase/showcase-2.png]
[saaslyn-merge-html.netlify.app/assets/images/new-images-v2/showcase/showcase-3.png]
[saaslyn-merge-html.netlify.app/assets/images/new-images-v2/showcase/showcase-4.png]
[saaslyn-merge-html.netlify.app/assets/images/new-images-v2/showcase/showcase-5.png]
[saaslyn-merge-html.netlify.app/assets/images/new-images-v2/testimonial/testimonial-1.png]
[saaslyn-merge-html.netlify.app/assets/images/new-images-v2/testimonial/testimonial-2.png]
[saaslyn-merge-html.netlify.app/assets/images/new-images-v2/testimonial/testimonial-3.png]
[saaslyn-merge-html.netlify.app/assets/images/new-images-v2/shapes/testimonial-vector-bg.png]
[saaslyn-merge-html.netlify.app/assets/images/new-images-v2/shapes/pattern-bg.png]
[saaslyn-merge-html.netlify.app/index-5.html]
[saaslyn-merge-html.netlify.app/assets/images/new-images-v2/home-5/hero/hero-bg.png]
[saaslyn-merge-html.netlify.app/assets/images/new-images-v2/home-5/hero/play-video.png]
[saaslyn-merge-html.netlify.app/assets/images/new-images-v2/home-5/hero/hero-thumb-1.png]
[saaslyn-merge-html.netlify.app/assets/images/new-images-v2/home-5/hero/hero-thumb-2.png]
[saaslyn-merge-html.netlify.app/assets/images/new-images-v2/home-5/hero/star.png]
[saaslyn-merge-html.netlify.app/assets/images/new-images-v2/home-5/brand/brand-1.png]
[saaslyn-merge-html.netlify.app/assets/images/new-images-v2/home-5/brand/brand-2.png]
[saaslyn-merge-html.netlify.app/assets/images/new-images-v2/home-5/brand/brand-3.png]
[saaslyn-merge-html.netlify.app/assets/images/new-images-v2/home-5/brand/brand-4.png]
[saaslyn-merge-html.netlify.app/assets/images/new-images-v2/home-5/brand/brand-5.png]
[saaslyn-merge-html.netlify.app/assets/images/new-images-v2/home-5/brand/brand-6.png]
[saaslyn-merge-html.netlify.app/assets/images/new-images-v2/home-5/about/shape.png]
[saaslyn-merge-html.netlify.app/assets/images/new-images-v2/home-5/about/about-thumb-1.png]
[saaslyn-merge-html.netlify.app/assets/images/new-images-v2/home-5/about/about-thumb-2.png]
[saaslyn-merge-html.netlify.app/assets/images/new-images-v2/home-5/about/avatar-1.png]
[saaslyn-merge-html.netlify.app/assets/images/new-images-v2/home-5/about/avatar-2.png]
[saaslyn-merge-html.netlify.app/assets/images/new-images-v2/home-5/about/avatar-3.png]
[saaslyn-merge-html.netlify.app/assets/images/new-images-v2/home-5/about/avatar-4.png]
[saaslyn-merge-html.netlify.app/assets/images/new-images-v2/home-5/system-5-bg.png]
[saaslyn-merge-html.netlify.app/assets/images/new-images-v2/home-5/system-5-item-bg.png]
[saaslyn-merge-html.netlify.app/assets/images/new-images-v2/home-5/custom-img-5-bg.png]
[saaslyn-merge-html.netlify.app/assets/images/new-images-v2/home-5/custom-img-5-1.png]
[saaslyn-merge-html.netlify.app/assets/images/new-images-v2/home-5/ai-image-5-bg.png]
[saaslyn-merge-html.netlify.app/assets/images/new-images-v2/home-5/ai-image-5-shape.png]
[saaslyn-merge-html.netlify.app/assets/images/new-images-v2/home-5/ai-image-5-item-1.png]
[saaslyn-merge-html.netlify.app/assets/images/new-images-v2/home-5/ai-image-5-item-2.png]
[saaslyn-merge-html.netlify.app/assets/images/new-images-v2/home-5/ai-image-5-item-3.png]
[saaslyn-merge-html.netlify.app/assets/images/new-images-v2/home-5/ai-image-5-item-4.png]
[saaslyn-merge-html.netlify.app/assets/images/new-images-v2/home-5/ai-image-5-item-5.png]
[saaslyn-merge-html.netlify.app/assets/images/new-images-v2/home-5/ai-image-5-item-6.png]
[saaslyn-merge-html.netlify.app/assets/images/new-images-v2/home-5/pricing-bg.png]
[saaslyn-merge-html.netlify.app/assets/images/new-images-v2/home-5/pricing-item-bg.png]
[saaslyn-merge-html.netlify.app/assets/images/new-images-v2/home-5/testimonial-item-bg.png]
[saaslyn-merge-html.netlify.app/assets/images/new-images-v2/home-5/testimonial-author-1.png]
[saaslyn-merge-html.netlify.app/assets/images/new-images-v2/home-5/testimonial-author-2.png]
[saaslyn-merge-html.netlify.app/assets/images/new-images-v2/home-5/testimonial-author-3.png]
[saaslyn-merge-html.netlify.app/assets/images/new-images-v2/home-5/faq-bg.png]
[saaslyn-merge-html.netlify.app/assets/images/new-images-v2/home-5/faq-item-bg.png]
[saaslyn-merge-html.netlify.app/assets/images/new-images-v2/home-5/cta-bg.png]
[saaslyn-merge-html.netlify.app/assets/images/new-images-v2/home-5/footer-5-bg.png]
[saaslyn-merge-html.netlify.app/assets/images/new-images-v2/home-5/powerai-text.svg]
[saaslyn-merge-html.netlify.app/index-6.html]
[saaslyn-merge-html.netlify.app/assets/css/new-css/jquery.fancybox.min.css]
[saaslyn-merge-html.netlify.app/assets/css/new-css/dropzone.min.css]
[saaslyn-merge-html.netlify.app/assets/css/new-css/bootstrap-icons.css]
[saaslyn-merge-html.netlify.app/assets/css/new-css/animate.css]
[saaslyn-merge-html.netlify.app/assets/css/new-css/swiper-bundle.min.css]
[saaslyn-merge-html.netlify.app/assets/css/new-css/bootstrap.min.css]
[saaslyn-merge-html.netlify.app/assets/css/new-css/style.css]
[saaslyn-merge-html.netlify.app/assets/css/new-css/responsive.css]
[saaslyn-merge-html.netlify.app/about-us.html]
[saaslyn-merge-html.netlify.app/profile.html]
[saaslyn-merge-html.netlify.app/login-v2.html]
[saaslyn-merge-html.netlify.app/register.html]
[saaslyn-merge-html.netlify.app/contact-v2.html]
[saaslyn-merge-html.netlify.app/blog-grid.html]
[saaslyn-merge-html.netlify.app/blog-details-v2.html]
[saaslyn-merge-html.netlify.app/assets/images/new-images/profil-avater.png]
[saaslyn-merge-html.netlify.app/assets/images/new-images/hero/hero-one-i.png]
[saaslyn-merge-html.netlify.app/assets/images/new-images/hero/hero-one-ii.png]
[saaslyn-merge-html.netlify.app/assets/images/new-images/hero/hero-one-iii.png]
[saaslyn-merge-html.netlify.app/assets/images/new-images/nft/avater-smm-two.png]
[saaslyn-merge-html.netlify.app/assets/images/new-images/nft/tranding-two.png]
[saaslyn-merge-html.netlify.app/assets/images/new-images/nft/avater-sm-two.png]
[saaslyn-merge-html.netlify.app/collection.14b.delayed]
[saaslyn-merge-html.netlify.app/assets/images/new-images/nft/avater-smm-one.png]
[saaslyn-merge-html.netlify.app/assets/images/new-images/nft/tranding-one.png]
[saaslyn-merge-html.netlify.app/assets/images/new-images/nft/avater-sm-one.png]
[saaslyn-merge-html.netlify.app/assets/images/new-images/nft/avater-smm-three.png]
[saaslyn-merge-html.netlify.app/assets/images/new-images/nft/tranding-three.png]
[saaslyn-merge-html.netlify.app/assets/images/new-images/nft/avater-sm-three.png]
[saaslyn-merge-html.netlify.app/assets/images/new-images/nft/avater-smm-four.png]
[saaslyn-merge-html.netlify.app/assets/images/new-images/nft/tranding-four.png]
[saaslyn-merge-html.netlify.app/assets/images/new-images/nft/avater-sm-four.png]
[saaslyn-merge-html.netlify.app/assets/images/new-images/sellers/seller-one.png]
[saaslyn-merge-html.netlify.app/assets/images/new-images/sellers/seller-two.png]
[saaslyn-merge-html.netlify.app/assets/images/new-images/sellers/seller-three.png]
[saaslyn-merge-html.netlify.app/assets/images/new-images/sellers/seller-four.png]
[saaslyn-merge-html.netlify.app/assets/images/new-images/sellers/seller-five.png]
[saaslyn-merge-html.netlify.app/assets/images/new-images/sellers/seller-six.png]
[saaslyn-merge-html.netlify.app/assets/images/new-images/shapes/nut-svg.svg]
[saaslyn-merge-html.netlify.app/assets/images/new-images/nft/n-md-one.png]
[saaslyn-merge-html.netlify.app/assets/images/new-images/nft/n-md-two.png]
[saaslyn-merge-html.netlify.app/assets/images/new-images/nft/n-md-three.png]
[saaslyn-merge-html.netlify.app/assets/images/new-images/nft/n-md-four.png]
[saaslyn-merge-html.netlify.app/assets/images/new-images/nft/avater-smm-five.png]
[saaslyn-merge-html.netlify.app/assets/images/new-images/nft/n-md-five.png]
[saaslyn-merge-html.netlify.app/assets/images/new-images/nft/avater-smm-six.png]
[saaslyn-merge-html.netlify.app/assets/images/new-images/nft/n-md-six.png]
[saaslyn-merge-html.netlify.app/assets/images/new-images/nft/avater-smm-seven.png]
[saaslyn-merge-html.netlify.app/assets/images/new-images/nft/n-md-seven.png]
[saaslyn-merge-html.netlify.app/assets/images/new-images/nft/n-md-eight.png]
[saaslyn-merge-html.netlify.app/assets/images/new-images/nft/coll-xl-one.png]
[saaslyn-merge-html.netlify.app/assets/images/new-images/nft/coll-sm-one.png]
[saaslyn-merge-html.netlify.app/assets/images/new-images/nft/coll-avater-one.png]
[saaslyn-merge-html.netlify.app/assets/images/new-images/icons/tick-stylish.svg]
[saaslyn-merge-html.netlify.app/assets/images/new-images/nft/coll-sm-two.png]
[saaslyn-merge-html.netlify.app/assets/images/new-images/nft/coll-xl-two.png]
[saaslyn-merge-html.netlify.app/assets/images/new-images/nft/coll-sm-three.png]
[saaslyn-merge-html.netlify.app/assets/images/new-images/nft/coll-avater-two.png]
[saaslyn-merge-html.netlify.app/assets/images/new-images/nft/coll-sm-four.png]
[saaslyn-merge-html.netlify.app/assets/images/new-images/nft/coll-xl-three.png]
[saaslyn-merge-html.netlify.app/assets/images/new-images/nft/coll-sm-five.png]
[saaslyn-merge-html.netlify.app/assets/images/new-images/nft/coll-avater-three.png]
[saaslyn-merge-html.netlify.app/assets/images/new-images/nft/coll-sm-six.png]
[saaslyn-merge-html.netlify.app/assets/images/new-images/shapes/feature-bg.svg]
[saaslyn-merge-html.netlify.app/assets/images/new-images/shapes/feature-bg-d.svg]
[saaslyn-merge-html.netlify.app/assets/images/new-images/icons/feature-custom-two.svg]
[saaslyn-merge-html.netlify.app/assets/images/new-images/icons/feature-custom-two-d.svg]
[saaslyn-merge-html.netlify.app/assets/images/new-images/icons/feature-custom-three.svg]
[saaslyn-merge-html.netlify.app/assets/images/new-images/icons/feature-custom-three-d.svg]
[saaslyn-merge-html.netlify.app/assets/images/new-images/icons/flag-us.png]
[code.jquery.com/jquery-1.12.4.min.js]
[saaslyn-merge-html.netlify.app/assets/js/new-js/wow.min.js]
[saaslyn-merge-html.netlify.app/assets/js/new-js/jquery.nice-select.min.js]
[saaslyn-merge-html.netlify.app/assets/js/new-js/jquery.countdown.js]
[saaslyn-merge-html.netlify.app/assets/js/new-js/dropzone.min.js]
[saaslyn-merge-html.netlify.app/assets/js/new-js/jquery.fancybox.min.js]
[saaslyn-merge-html.netlify.app/index-7.html]
[saaslyn-merge-html.netlify.app/assets/images/new-images/shapes/hero-shape-three.png]
[saaslyn-merge-html.netlify.app/assets/images/new-images/hero/hero-three-feat.png]
[saaslyn-merge-html.netlify.app/assets/images/new-images/hero/hero-batch.png]
[saaslyn-merge-html.netlify.app/assets/images/new-images/collection/col-one.png]
[saaslyn-merge-html.netlify.app/assets/images/new-images/collection/col-two.png]
[saaslyn-merge-html.netlify.app/assets/images/new-images/collection/col-three.png]
[saaslyn-merge-html.netlify.app/assets/images/new-images/collection/col-four.png]
[saaslyn-merge-html.netlify.app/assets/images/new-images/sellers/seller-seven.png]
[saaslyn-merge-html.netlify.app/assets/images/new-images/sellers/seller-eight.png]
[saaslyn-merge-html.netlify.app/assets/images/new-images/nft/ns-one.png]
[saaslyn-merge-html.netlify.app/assets/images/new-images/nft/ag-one.png]
[saaslyn-merge-html.netlify.app/assets/images/new-images/nft/ag-two.png]
[saaslyn-merge-html.netlify.app/assets/images/new-images/nft/ag-three.png]
[saaslyn-merge-html.netlify.app/assets/images/new-images/icons/tick-yellow-x.svg]
[saaslyn-merge-html.netlify.app/assets/images/new-images/nft/ns-two.png]
[saaslyn-merge-html.netlify.app/assets/images/new-images/nft/ag-four.png]
[saaslyn-merge-html.netlify.app/assets/images/new-images/nft/ns-three.png]
[saaslyn-merge-html.netlify.app/assets/images/new-images/nft/ns-four.png]
[saaslyn-merge-html.netlify.app/assets/images/new-images/nft/ns-five.png]
[saaslyn-merge-html.netlify.app/assets/images/new-images/nft/ns-six.png]
[saaslyn-merge-html.netlify.app/assets/images/new-images/nft/ns-seven.png]
[saaslyn-merge-html.netlify.app/assets/images/new-images/nft/ns-eight.png]
[saaslyn-merge-html.netlify.app/assets/images/new-images/artists/sc-one.png]
[saaslyn-merge-html.netlify.app/assets/images/new-images/artists/sa-one.png]
[saaslyn-merge-html.netlify.app/assets/images/new-images/artists/sc-two.png]
[saaslyn-merge-html.netlify.app/assets/images/new-images/artists/sa-two.png]
[saaslyn-merge-html.netlify.app/assets/images/new-images/artists/sc-three.png]
[saaslyn-merge-html.netlify.app/assets/images/new-images/artists/sa-three.png]
[saaslyn-merge-html.netlify.app/assets/images/new-images/artists/sc-four.png]
[saaslyn-merge-html.netlify.app/assets/images/new-images/artists/sa-four.png]
[saaslyn-merge-html.netlify.app/assets/images/new-images/artists/sc-five.png]
[saaslyn-merge-html.netlify.app/assets/images/new-images/artists/sa-five.png]
[saaslyn-merge-html.netlify.app/assets/images/new-images/artists/sc-six.png]
[saaslyn-merge-html.netlify.app/assets/images/new-images/artists/sa-six.png]
[saaslyn-merge-html.netlify.app/assets/images/new-images/icons/process-doc.svg]
[saaslyn-merge-html.netlify.app/assets/images/new-images/icons/process-card.svg]
[saaslyn-merge-html.netlify.app/assets/images/new-images/icons/process-sell.svg]
[saaslyn-merge-html.netlify.app/assets/images/new-images/icons/process-add.svg]
[saaslyn-merge-html.netlify.app/assets/images/new-images/blog/b-one.png]
[saaslyn-merge-html.netlify.app/assets/images/new-images/blog/b-two.png]
[saaslyn-merge-html.netlify.app/assets/images/new-images/blog/b-three.png]
[saaslyn-merge-html.netlify.app/index-8.html]
[saaslyn-merge-html.netlify.app/assets/images/new-images-v2/hero/ratings.svg]
[saaslyn-merge-html.netlify.app/assets/images/new-images-v2/shapes/arrow-cs-hero.png]
[saaslyn-merge-html.netlify.app/assets/images/new-images-v2/hero/hero-cs-img.png]
[saaslyn-merge-html.netlify.app/assets/images/new-images-v2/features/feature-1.svg]
[saaslyn-merge-html.netlify.app/assets/images/new-images-v2/features/feature-4.svg]
[saaslyn-merge-html.netlify.app/assets/images/new-images-v2/features/feature-2.svg]
[saaslyn-merge-html.netlify.app/assets/images/new-images-v2/testimonial/testimonial-4.png]
[saaslyn-merge-html.netlify.app/assets/images/new-images-v2/features/feature-5.svg]
[saaslyn-merge-html.netlify.app/assets/images/new-images-v2/testimonial/testimonial-5.png]
[saaslyn-merge-html.netlify.app/assets/images/new-images-v2/features/feature-3.svg]
[saaslyn-merge-html.netlify.app/assets/images/new-images-v2/testimonial/testimonial-6.png]
[saaslyn-merge-html.netlify.app/assets/images/new-images-v2/features/feature-6.svg]
[saaslyn-merge-html.netlify.app/assets/images/new-images-v2/shapes/cs-subs-arrow.png]
[saaslyn-merge-html.netlify.app/assets/images/new-images-v2/cs-subscribe.png]
[saaslyn-merge-html.netlify.app/index-9.html]
[saaslyn-merge-html.netlify.app/assets/images/new-images-v2/hero/cg-hero-img.png]
[saaslyn-merge-html.netlify.app/assets/images/new-images-v2/shapes/hero-cg-dust.png]
[saaslyn-merge-html.netlify.app/assets/images/new-images-v2/hero/cg-hero-bg.png]
[saaslyn-merge-html.netlify.app/assets/images/new-images-v2/icon/features-1.svg]
[saaslyn-merge-html.netlify.app/assets/images/new-images-v2/icon/features-2.svg]
[saaslyn-merge-html.netlify.app/assets/images/new-images-v2/icon/feature-3.svg]
[saaslyn-merge-html.netlify.app/assets/images/new-images-v2/works/works-1.png]
[saaslyn-merge-html.netlify.app/assets/images/new-images-v2/works/works-2.png]
[saaslyn-merge-html.netlify.app/assets/images/new-images-v2/works/works-3.png]
[saaslyn-merge-html.netlify.app/assets/images/new-images-v2/shapes/creativity-bg-sp.png]
[saaslyn-merge-html.netlify.app/assets/images/new-images-v2/testimonial/cg-1.png]
[saaslyn-merge-html.netlify.app/assets/images/new-images-v2/testimonial/cg-2.png]
[saaslyn-merge-html.netlify.app/assets/images/new-images-v2/testimonial/cg-3.png]
[saaslyn-merge-html.netlify.app/assets/images/new-images-v2/shapes/testimonila-cg-bg.png]
[saaslyn-merge-html.netlify.app/index-10.html]
[saaslyn-merge-html.netlify.app/assets/css/new-css-v3/boxicons.min.css]
[saaslyn-merge-html.netlify.app/assets/css/new-css-v3/bootstrap-icons.css]
[saaslyn-merge-html.netlify.app/assets/css/new-css-v3/owl.carousel.min.css]
[saaslyn-merge-html.netlify.app/assets/css/new-css-v3/magnific-popup.css]
[saaslyn-merge-html.netlify.app/assets/css/new-css-v3/nice-select.css]
[saaslyn-merge-html.netlify.app/assets/css/new-css-v3/odometer.css]
[saaslyn-merge-html.netlify.app/assets/css/new-css-v3/bootstrap.min.css]
[saaslyn-merge-html.netlify.app/assets/css/new-css-v3/animate.css]
[saaslyn-merge-html.netlify.app/assets/css/new-css-v3/style.css]
[saaslyn-merge-html.netlify.app/assets/css/new-css-v3/responsive.css]
[saaslyn-merge-html.netlify.app/about-three.html]
[saaslyn-merge-html.netlify.app/service-v3.html]
[saaslyn-merge-html.netlify.app/service-details-v2.html]
[saaslyn-merge-html.netlify.app/blog-three.html]
[saaslyn-merge-html.netlify.app/blog-sidebar-v2.html]
[saaslyn-merge-html.netlify.app/blog-details-v4.html]
[saaslyn-merge-html.netlify.app/project.html]
[saaslyn-merge-html.netlify.app/project-sidebar-v2.html]
[saaslyn-merge-html.netlify.app/project-details.html]
[saaslyn-merge-html.netlify.app/team-v2.html]
[saaslyn-merge-html.netlify.app/gallery.html]
[saaslyn-merge-html.netlify.app/price.html]
[saaslyn-merge-html.netlify.app/testimonial-v2.html]
[saaslyn-merge-html.netlify.app/working-process.html]
[saaslyn-merge-html.netlify.app/faq-v3.html]
[saaslyn-merge-html.netlify.app/contact-v3.html]
[saaslyn-merge-html.netlify.app/assets/images/new-images-v3/icon/phone.png]
[saaslyn-merge-html.netlify.app/assets/images/new-images-v3/icon/toggle-icon-1.png]
[saaslyn-merge-html.netlify.app/assets/images/new-images-v3/icon/toggle-icon-2.png]
[saaslyn-merge-html.netlify.app/assets/images/new-images-v3/icon/toggle-icon-3.png]
[saaslyn-merge-html.netlify.app/assets/images/new-images-v3/hero/hero-agency-2.png]
[saaslyn-merge-html.netlify.app/assets/images/new-images-v3/shape/hero-agency-side-left.png]
[saaslyn-merge-html.netlify.app/assets/images/new-images-v3/shape/hero-agency-side-right.png]
[saaslyn-merge-html.netlify.app/assets/images/new-images-v3/shape/hero-agency-top-right.png]
[saaslyn-merge-html.netlify.app/assets/images/new-images-v3/hero/hero-agency.png]
[saaslyn-merge-html.netlify.app/assets/images/new-images-v3/icon/service-1.png]
[saaslyn-merge-html.netlify.app/assets/images/new-images-v3/icon/service-2.png]
[saaslyn-merge-html.netlify.app/assets/images/new-images-v3/icon/service-3.png]
[saaslyn-merge-html.netlify.app/assets/images/new-images-v3/icon/service-4.png]
[saaslyn-merge-html.netlify.app/assets/images/new-images-v3/about/about-1-agency.png]
[saaslyn-merge-html.netlify.app/assets/images/new-images-v3/shape/about-text.png]
[saaslyn-merge-html.netlify.app/assets/images/new-images-v3/about/about-2.png]
[saaslyn-merge-html.netlify.app/assets/images/new-images-v3/shape/about-round.png]
[saaslyn-merge-html.netlify.app/assets/images/new-images-v3/client/client-1.png]
[saaslyn-merge-html.netlify.app/assets/images/new-images-v3/recent-work/work-1.png]
[saaslyn-merge-html.netlify.app/assets/images/new-images-v3/recent-work/work-2.png]
[saaslyn-merge-html.netlify.app/assets/images/new-images-v3/recent-work/work-3.png]
[saaslyn-merge-html.netlify.app/assets/images/new-images-v3/recent-work/work-4.png]
[saaslyn-merge-html.netlify.app/assets/images/new-images-v3/shape/count.png]
[saaslyn-merge-html.netlify.app/assets/images/new-images-v3/team/team-1.png]
[saaslyn-merge-html.netlify.app/assets/images/new-images-v3/team/team-2.png]
[saaslyn-merge-html.netlify.app/assets/images/new-images-v3/team/team-3.png]
[saaslyn-merge-html.netlify.app/assets/images/new-images-v3/team/team-4.png]
[saaslyn-merge-html.netlify.app/assets/images/new-images-v3/testimonial-img-1.png]
[saaslyn-merge-html.netlify.app/assets/images/new-images-v3/blog/blog-1.png]
[saaslyn-merge-html.netlify.app/assets/images/new-images-v3/blog/blog-2.png]
[saaslyn-merge-html.netlify.app/assets/images/new-images-v3/blog/blog-3.png]
[saaslyn-merge-html.netlify.app/assets/js/new-js-v3/jquery-3.6.0.min.js]
[saaslyn-merge-html.netlify.app/assets/js/new-js-v3/bootstrap.min.js]
[saaslyn-merge-html.netlify.app/assets/js/new-js-v3/owl.carousel.min.js]
[saaslyn-merge-html.netlify.app/assets/js/new-js-v3/jquery.magnific-popup.min.js]
[saaslyn-merge-html.netlify.app/assets/js/new-js-v3/jquery.nice-select.js]
[saaslyn-merge-html.netlify.app/assets/js/new-js-v3/wow.min.js]
[saaslyn-merge-html.netlify.app/assets/js/new-js-v3/odometer.min.js]
[saaslyn-merge-html.netlify.app/assets/js/new-js-v3/viewport.jquery.js]
[saaslyn-merge-html.netlify.app/assets/js/new-js-v3/main.js]
[saaslyn-merge-html.netlify.app/index-11.html]
[saaslyn-merge-html.netlify.app/assets/images/new-images-v3/hero/hero-img.png]
[saaslyn-merge-html.netlify.app/assets/images/new-images-v3/hero/hero-hover.png]
[saaslyn-merge-html.netlify.app/assets/images/new-images-v3/moments/moment-4.png]
[saaslyn-merge-html.netlify.app/assets/images/new-images-v3/moments/moment-1.png]
[saaslyn-merge-html.netlify.app/assets/images/new-images-v3/moments/moment-2.png]
[saaslyn-merge-html.netlify.app/assets/images/new-images-v3/moments/main-moment.png]
[saaslyn-merge-html.netlify.app/assets/images/new-images-v3/moments/moment-3.png]
[saaslyn-merge-html.netlify.app/assets/images/new-images-v3/moments/moment-5.png]
[saaslyn-merge-html.netlify.app/assets/images/new-images-v3/moments/moment-6.png]
[saaslyn-merge-html.netlify.app/assets/images/new-images-v3/moments/moment-7.png]
[saaslyn-merge-html.netlify.app/assets/images/new-images-v3/moments/mobile-moment.png]
[saaslyn-merge-html.netlify.app/assets/images/new-images-v3/icon/price-1.png]
[saaslyn-merge-html.netlify.app/assets/images/new-images-v3/icon/price-2.png]
[saaslyn-merge-html.netlify.app/assets/images/new-images-v3/icon/price-3.png]
[saaslyn-merge-html.netlify.app/assets/images/new-images-v3/icon/price-4.png]
[saaslyn-merge-html.netlify.app/assets/images/new-images-v3/about/about-1.png]
[saaslyn-merge-html.netlify.app/assets/images/new-images-v3/faq.png]
[saaslyn-merge-html.netlify.app/index-12.html]
[saaslyn-merge-html.netlify.app/assets/images/new-images-v3/shape/footer-1.svg]
[saaslyn-merge-html.netlify.app/assets/images/new-images-v3/hero/hero-consultant-1.png]
[saaslyn-merge-html.netlify.app/assets/images/new-images-v3/shape/hero-consultant-side-right.png]
[saaslyn-merge-html.netlify.app/assets/images/new-images-v3/shape/hero-consultant-round.png]
[saaslyn-merge-html.netlify.app/assets/images/new-images-v3/service/service-1.png]
[saaslyn-merge-html.netlify.app/assets/images/new-images-v3/icon/service-5.png]
[saaslyn-merge-html.netlify.app/assets/images/new-images-v3/service/service-2.png]
[saaslyn-merge-html.netlify.app/assets/images/new-images-v3/icon/service-6.png]
[saaslyn-merge-html.netlify.app/assets/images/new-images-v3/service/service-3.png]
[saaslyn-merge-html.netlify.app/assets/images/new-images-v3/icon/service-7.png]
[saaslyn-merge-html.netlify.app/assets/images/new-images-v3/about/about-consultant.png]
[saaslyn-merge-html.netlify.app/assets/images/new-images-v3/shape/about-round-2.png]
[saaslyn-merge-html.netlify.app/assets/images/new-images-v3/showcase/showcase-1.png]
[saaslyn-merge-html.netlify.app/assets/images/new-images-v3/showcase/showcase-2.png]
[saaslyn-merge-html.netlify.app/assets/images/new-images-v3/showcase/showcase-3.png]
[saaslyn-merge-html.netlify.app/assets/images/new-images-v3/showcase/showcase-4.png]
[saaslyn-merge-html.netlify.app/assets/images/new-images-v3/shape/subscribe-footer-dot.png]
[saaslyn-merge-html.netlify.app/index-13.html]
[saaslyn-merge-html.netlify.app/assets/css/new-css-v4/bootstrap-icons.css]
[saaslyn-merge-html.netlify.app/assets/css/new-css-v4/animate.css]
[saaslyn-merge-html.netlify.app/assets/css/new-css-v4/swiper-bundle.min.css]
[saaslyn-merge-html.netlify.app/assets/css/new-css-v4/bootstrap.min.css]
[saaslyn-merge-html.netlify.app/assets/css/new-css-v4/style.css]
[saaslyn-merge-html.netlify.app/assets/css/new-css-v4/responsive.css]
[saaslyn-merge-html.netlify.app/about-four.html]
[saaslyn-merge-html.netlify.app/service-v4.html]
[saaslyn-merge-html.netlify.app/service-details-v3.html]
[saaslyn-merge-html.netlify.app/blog-four.html]
[saaslyn-merge-html.netlify.app/blog-details-v5.html]
[saaslyn-merge-html.netlify.app/price-v2.html]
[saaslyn-merge-html.netlify.app/contact-v4.html]
[saaslyn-merge-html.netlify.app/assets/images/new-images-v4/shapes/shape-wave.svg]
[saaslyn-merge-html.netlify.app/assets/images/new-images-v4/shapes/hero-square-dots.png]
[saaslyn-merge-html.netlify.app/assets/images/new-images-v4/shapes/hero-idea-icon.png]
[saaslyn-merge-html.netlify.app/assets/images/new-images-v4/shapes/hero-carve.png]
[saaslyn-merge-html.netlify.app/assets/images/new-images-v4/hero/hero-graph-2.png]
[saaslyn-merge-html.netlify.app/assets/images/new-images-v4/shapes/hero-dots.svg]
[saaslyn-merge-html.netlify.app/assets/images/new-images-v4/hero/hero-graph-1.png]
[saaslyn-merge-html.netlify.app/assets/images/new-images-v4/hero/hero-graph-4.png]
[saaslyn-merge-html.netlify.app/assets/images/new-images-v4/hero/hero-graph-3.png]
[saaslyn-merge-html.netlify.app/assets/images/new-images-v4/Icons/user_three.svg]
[saaslyn-merge-html.netlify.app/assets/images/new-images-v4/Icons/user_two.svg]
[saaslyn-merge-html.netlify.app/assets/images/new-images-v4/Icons/Graph.svg]
[saaslyn-merge-html.netlify.app/assets/images/new-images-v4/screen/feature-screen1.png]
[saaslyn-merge-html.netlify.app/assets/images/new-images-v4/shapes/balon-icon.png]
[saaslyn-merge-html.netlify.app/assets/images/new-images-v4/shapes/features-dots.svg]
[saaslyn-merge-html.netlify.app/assets/images/new-images-v4/screen/feature-one-screen-one.png]
[saaslyn-merge-html.netlify.app/assets/images/new-images-v4/screen/feature-one-screen-three.png]
[saaslyn-merge-html.netlify.app/assets/images/new-images-v4/screen/feature-one-screen-two.png]
[saaslyn-merge-html.netlify.app/assets/images/new-images-v4/screen/feature-screen3.png]
[saaslyn-merge-html.netlify.app/assets/images/new-images-v4/shapes/mobil-map.png]
[saaslyn-merge-html.netlify.app/assets/images/new-images-v4/shapes/dot-map-body.png]
[saaslyn-merge-html.netlify.app/assets/images/new-images-v4/shapes/flag-1.png]
[saaslyn-merge-html.netlify.app/assets/images/new-images-v4/shapes/flag-3.png]
[saaslyn-merge-html.netlify.app/assets/images/new-images-v4/shapes/flag-2.png]
[saaslyn-merge-html.netlify.app/assets/images/new-images-v4/shapes/flag-4.png]
[saaslyn-merge-html.netlify.app/assets/images/new-images-v4/shapes/flag-5.png]
[saaslyn-merge-html.netlify.app/assets/images/new-images-v4/shapes/flag-6.png]
[saaslyn-merge-html.netlify.app/assets/images/new-images-v4/shapes/flag-7.png]
[saaslyn-merge-html.netlify.app/assets/images/new-images-v4/shapes/flag-8.png]
[saaslyn-merge-html.netlify.app/assets/images/new-images-v4/shapes/testi-avater-3.png]
[saaslyn-merge-html.netlify.app/assets/images/new-images-v4/shapes/testi-avater-1.png]
[saaslyn-merge-html.netlify.app/assets/images/new-images-v4/shapes/testi-avater-2.png]
[saaslyn-merge-html.netlify.app/assets/images/new-images-v4/shapes/testimonial-avater-xl.png]
[saaslyn-merge-html.netlify.app/assets/images/new-images-v4/shapes/testimonial-avater-xl2.png]
[saaslyn-merge-html.netlify.app/assets/images/new-images-v4/blog/blog-thumb-1.png]
[saaslyn-merge-html.netlify.app/assets/images/new-images-v4/blog/blog-thumb-2.png]
[saaslyn-merge-html.netlify.app/assets/images/new-images-v4/blog/blog-thumb-3.png]
[saaslyn-merge-html.netlify.app/assets/js/new-js-v4/jquery-3.6.0.min.js]
[saaslyn-merge-html.netlify.app/assets/js/new-js-v4/bootstrap.bundle.min.js]
[saaslyn-merge-html.netlify.app/assets/js/new-js-v4/swiper-bundle.min.js]
[saaslyn-merge-html.netlify.app/assets/js/new-js-v4/wow.min.js]
[saaslyn-merge-html.netlify.app/index-14.html]
[saaslyn-merge-html.netlify.app/assets/images/new-images-v4/Icons/task-list-icon.svg]
[saaslyn-merge-html.netlify.app/assets/images/new-images-v4/Icons/bell-icon.svg]
[saaslyn-merge-html.netlify.app/assets/images/new-images-v4/Icons/agenda-icon.svg]
[saaslyn-merge-html.netlify.app/assets/images/new-images-v4/screen/feature-two-main-screen.png]
[saaslyn-merge-html.netlify.app/assets/images/new-images-v4/shapes/feature-sheet.png]
[saaslyn-merge-html.netlify.app/assets/images/new-images-v4/screen/feature-two-screen-one.png]
[saaslyn-merge-html.netlify.app/assets/images/new-images-v4/screen/feature-two-screen-two.png]
[saaslyn-merge-html.netlify.app/assets/images/new-images-v4/screen/feature-two-screen-three.png]
[saaslyn-merge-html.netlify.app/assets/images/new-images-v4/Icons/tracker-icon.svg]
[saaslyn-merge-html.netlify.app/assets/images/new-images-v4/Icons/dashbord-icon.svg]
[saaslyn-merge-html.netlify.app/assets/images/new-images-v4/Icons/calendar-icon-2.svg]
[saaslyn-merge-html.netlify.app/assets/images/new-images-v4/shapes/3D-focus.png]
[saaslyn-merge-html.netlify.app/assets/images/new-images-v4/shapes/3d-bord.png]
[saaslyn-merge-html.netlify.app/assets/images/new-images-v4/Icons/min-icon-xl.svg]
[saaslyn-merge-html.netlify.app/assets/images/new-images-v4/Icons/hourglass-icon-xl.svg]
[saaslyn-merge-html.netlify.app/assets/images/new-images-v4/Icons/wallet-icon-xl.svg]
[saaslyn-merge-html.netlify.app/assets/images/new-images-v4/screen/feature-three-screen-one.png]
[saaslyn-merge-html.netlify.app/assets/images/new-images-v4/screen/feature-three-screen-two.png]
[saaslyn-merge-html.netlify.app/assets/images/new-images-v4/screen/feature-three-screen-three.png]
[saaslyn-merge-html.netlify.app/assets/images/new-images-v4/shapes/3d-joy-icon.png]
[saaslyn-merge-html.netlify.app/assets/images/new-images-v4/shapes/3d-hourbox.png]
[saaslyn-merge-html.netlify.app/assets/images/new-images-v4/client-logo/client-one.png]
[saaslyn-merge-html.netlify.app/assets/images/new-images-v4/client-logo/client-three.png]
[saaslyn-merge-html.netlify.app/assets/images/new-images-v4/client-logo/client-five.png]
[saaslyn-merge-html.netlify.app/assets/images/new-images-v4/client-logo/client-two.png]
[saaslyn-merge-html.netlify.app/assets/images/new-images-v4/client-logo/client-four.png]
[saaslyn-merge-html.netlify.app/assets/images/new-images-v4/shapes/testi-thumb-man-1.png]
[saaslyn-merge-html.netlify.app/assets/images/new-images-v4/screen/download-app-screen.png]
[saaslyn-merge-html.netlify.app/index-15.html]
[saaslyn-merge-html.netlify.app/assets/images/new-images-v4/shapes/hero-three-dots-shape.png]
[saaslyn-merge-html.netlify.app/assets/images/new-images-v4/screen/hero-screen-3.png]
[saaslyn-merge-html.netlify.app/assets/images/new-images-v4/screen/hero-three-animated-kit.png]
[saaslyn-merge-html.netlify.app/assets/images/new-images-v4/screen/hero-three-animated-kit-two.png]
[saaslyn-merge-html.netlify.app/assets/images/new-images-v4/screen/features-four-screen-group.png]
[saaslyn-merge-html.netlify.app/assets/images/new-images-v4/screen/feature-four-flort.png]
[saaslyn-merge-html.netlify.app/assets/images/new-images-v4/screen/feature-screen-five.png]
[saaslyn-merge-html.netlify.app/assets/images/new-images-v4/screen/features-five-animi.png]
[saaslyn-merge-html.netlify.app/assets/images/new-images-v4/Icons/swap-icon-g.svg]
[saaslyn-merge-html.netlify.app/assets/images/new-images-v4/Icons/wallet-icon-g.svg]
[saaslyn-merge-html.netlify.app/assets/images/new-images-v4/Icons/paper-plus-icon-g.svg]
[saaslyn-merge-html.netlify.app/assets/images/new-images-v4/screen/feature-six-screen.png]
[saaslyn-merge-html.netlify.app/assets/images/new-images-v4/reviewers/testi-three-avater-one.png]
[saaslyn-merge-html.netlify.app/assets/images/new-images-v4/reviewers/testi-three-avater-two.png]
[saaslyn-merge-html.netlify.app/assets/images/new-images-v4/reviewers/testi-three-avater-three.png]
[saaslyn-merge-html.netlify.app/assets/images/new-images-v4/reviewers/testi-three-avater-four.png]
[saaslyn-merge-html.netlify.app/assets/images/new-images-v4/reviewers/testi-three-avater-five.png]
[saaslyn-merge-html.netlify.app/assets/images/new-images-v4/client-logo/client-logo-one.png]
[saaslyn-merge-html.netlify.app/assets/images/new-images-v4/client-logo/client-logo-four.png]
[saaslyn-merge-html.netlify.app/assets/images/new-images-v4/client-logo/client-logo-two.png]
[saaslyn-merge-html.netlify.app/assets/images/new-images-v4/client-logo/client-logo-three.png]
[saaslyn-merge-html.netlify.app/assets/images/new-images-v4/payment/payment-method-one.png]
[saaslyn-merge-html.netlify.app/assets/images/new-images-v4/payment/payment-method-two.png]
[saaslyn-merge-html.netlify.app/assets/images/new-images-v4/payment/payment-method-three.png]
[saaslyn-merge-html.netlify.app/assets/images/new-images-v4/payment/payment-method-four.png]
[saaslyn-merge-html.netlify.app/assets/images/new-images-v4/Icons/green-lock-icon.svg]
[saaslyn-merge-html.netlify.app/assets/images/new-images-v4/Icons/green-finger-icon.svg]
[saaslyn-merge-html.netlify.app/assets/images/new-images-v4/Icons/green-qr-icon.svg]
[saaslyn-merge-html.netlify.app/assets/images/new-images-v4/screen/register-one-screen.png]
[saaslyn-merge-html.netlify.app/index-16.html]
[saaslyn-merge-html.netlify.app/assets/images/new-images-v4/shapes/hero-ai-round.png]
[saaslyn-merge-html.netlify.app/assets/images/new-images-v4/shapes/hero-ai-paralux.svg]
[saaslyn-merge-html.netlify.app/assets/images/new-images-v4/hero/slide-2.png]
[saaslyn-merge-html.netlify.app/assets/images/new-images-v4/hero/slide-1.png]
[saaslyn-merge-html.netlify.app/assets/images/new-images-v4/hero/slide-5.png]
[saaslyn-merge-html.netlify.app/assets/images/new-images-v4/hero/slide-4.png]
[saaslyn-merge-html.netlify.app/assets/images/new-images-v4/hero/slide-3.png]
[saaslyn-merge-html.netlify.app/assets/images/new-images-v4/service/ai-service-1.svg]
[saaslyn-merge-html.netlify.app/assets/images/new-images-v4/service/ai-service-2.svg]
[saaslyn-merge-html.netlify.app/assets/images/new-images-v4/service/ai-service-3.svg]
[saaslyn-merge-html.netlify.app/assets/images/new-images-v4/service/ai-service-4.svg]
[saaslyn-merge-html.netlify.app/assets/images/new-images-v4/ai-about.png]
[saaslyn-merge-html.netlify.app/assets/images/new-images-v4/dream/deram-1.svg]
[saaslyn-merge-html.netlify.app/assets/images/new-images-v4/dream/deram-2.svg]
[saaslyn-merge-html.netlify.app/assets/images/new-images-v4/dream/deram-3.svg]
[saaslyn-merge-html.netlify.app/assets/images/new-images-v4/portfolio/ai-portfolio-1.png]
[saaslyn-merge-html.netlify.app/assets/images/new-images-v4/portfolio/ai-portfolio-2.png]
[saaslyn-merge-html.netlify.app/assets/images/new-images-v4/portfolio/ai-portfolio-3.png]
[saaslyn-merge-html.netlify.app/assets/images/new-images-v4/portfolio/ai-portfolio-4.png]
[saaslyn-merge-html.netlify.app/assets/images/new-images-v4/portfolio/ai-portfolio-5.png]
[saaslyn-merge-html.netlify.app/assets/images/new-images-v4/ai-services.svg]
[saaslyn-merge-html.netlify.app/assets/images/new-images-v4/portfolio/ai-portfolio-6.png]
[saaslyn-merge-html.netlify.app/assets/images/new-images-v4/portfolio/ai-portfolio-7.png]
[saaslyn-merge-html.netlify.app/index-17.html]
[saaslyn-merge-html.netlify.app/assets/css/new-css-v5/bootstrap.min.css]
[saaslyn-merge-html.netlify.app/assets/css/new-css-v5/meanmenu.css]
[saaslyn-merge-html.netlify.app/assets/css/new-css-v5/all.min.css]
[saaslyn-merge-html.netlify.app/assets/css/new-css-v5/swiper-bundle.min.css]
[saaslyn-merge-html.netlify.app/assets/css/new-css-v5/magnific-popup.css]
[saaslyn-merge-html.netlify.app/assets/css/new-css-v5/animate.css]
[saaslyn-merge-html.netlify.app/assets/css/new-css-v5/nice-select.css]
[saaslyn-merge-html.netlify.app/assets/css/new-css-v5/style.css]
[saaslyn-merge-html.netlify.app/about-five.html]
[saaslyn-merge-html.netlify.app/service-v5.html]
[saaslyn-merge-html.netlify.app/service-details-v4.html]
[saaslyn-merge-html.netlify.app/team-v3.html]
[saaslyn-merge-html.netlify.app/team-details-v2.html]
[saaslyn-merge-html.netlify.app/pricing-v3.html]
[saaslyn-merge-html.netlify.app/book-demo.html]
[saaslyn-merge-html.netlify.app/error-v2.html]
[saaslyn-merge-html.netlify.app/blog-five.html]
[saaslyn-merge-html.netlify.app/blog-six.html]
[saaslyn-merge-html.netlify.app/blog-details-v6.html]
[saaslyn-merge-html.netlify.app/contact-v5.html]
[saaslyn-merge-html.netlify.app/assets/images/new-images-v5/banner/banner-bg.png]
[saaslyn-merge-html.netlify.app/assets/images/new-images-v5/banner/hero-image.png]
[saaslyn-merge-html.netlify.app/assets/images/new-images-v5/banner/banner-info.png]
[saaslyn-merge-html.netlify.app/assets/images/new-images-v5/banner/banner-tittle-star.png]
[saaslyn-merge-html.netlify.app/assets/images/new-images-v5/brand/brand-image1.png]
[saaslyn-merge-html.netlify.app/assets/images/new-images-v5/brand/brand-image2.png]
[saaslyn-merge-html.netlify.app/assets/images/new-images-v5/brand/brand-image3.png]
[saaslyn-merge-html.netlify.app/assets/images/new-images-v5/brand/brand-image4.png]
[saaslyn-merge-html.netlify.app/assets/images/new-images-v5/brand/brand-image5.png]
[saaslyn-merge-html.netlify.app/assets/images/new-images-v5/about/about-image.png]
[saaslyn-merge-html.netlify.app/assets/images/new-images-v5/shape/about-shape1.png]
[saaslyn-merge-html.netlify.app/assets/images/new-images-v5/shape/about-shape2.png]
[saaslyn-merge-html.netlify.app/assets/images/new-images-v5/icon/service-icon1.png]
[saaslyn-merge-html.netlify.app/assets/images/new-images-v5/icon/service-icon2.png]
[saaslyn-merge-html.netlify.app/assets/images/new-images-v5/icon/service-icon3.png]
[saaslyn-merge-html.netlify.app/assets/images/new-images-v5/offer/offer-image1.png]
[saaslyn-merge-html.netlify.app/assets/images/new-images-v5/offer/offer-image2.png]
[saaslyn-merge-html.netlify.app/assets/images/new-images-v5/offer/offer-image3.png]
[saaslyn-merge-html.netlify.app/assets/images/new-images-v5/offer/offer-image4.png]
[saaslyn-merge-html.netlify.app/assets/images/new-images-v5/offer/offer-image5.png]
[saaslyn-merge-html.netlify.app/assets/images/new-images-v5/shape/process-line.png]
[saaslyn-merge-html.netlify.app/assets/images/new-images-v5/icon/process-icon1.png]
[saaslyn-merge-html.netlify.app/assets/images/new-images-v5/icon/process-icon2.png]
[saaslyn-merge-html.netlify.app/assets/images/new-images-v5/icon/process-icon3.png]
[saaslyn-merge-html.netlify.app/assets/images/new-images-v5/icon/process-icon4.png]
[saaslyn-merge-html.netlify.app/assets/images/new-images-v5/team/team-image1.png]
[saaslyn-merge-html.netlify.app/assets/images/new-images-v5/team/team-image2.png]
[saaslyn-merge-html.netlify.app/assets/images/new-images-v5/team/team-image3.png]
[saaslyn-merge-html.netlify.app/assets/images/new-images-v5/team/team-image4.png]
[saaslyn-merge-html.netlify.app/assets/images/new-images-v5/testimonial/user.png]
[saaslyn-merge-html.netlify.app/assets/images/new-images-v5/testimonial/testimonial-image1.png]
[saaslyn-merge-html.netlify.app/assets/images/new-images-v5/testimonial/testimonial-image2.png]
[saaslyn-merge-html.netlify.app/assets/images/new-images-v5/testimonial/testimonial-image3.png]
[saaslyn-merge-html.netlify.app/assets/images/new-images-v5/testimonial/testimonial-image4.png]
[saaslyn-merge-html.netlify.app/tab-content1.2fc.delayed]
[saaslyn-merge-html.netlify.app/tab-content2.2fd.delayed]
[saaslyn-merge-html.netlify.app/tab-content3.2fe.delayed]
[saaslyn-merge-html.netlify.app/assets/images/new-images-v5/bg/talk-bg.png]
[saaslyn-merge-html.netlify.app/assets/images/new-images-v5/bg/footer-bg.png]
[saaslyn-merge-html.netlify.app/book.301.delayed]
[saaslyn-merge-html.netlify.app/assets/js/new-js-v5/jquery-3.7.1.min.js]
[saaslyn-merge-html.netlify.app/assets/js/new-js-v5/bootstrap.min.js]
[saaslyn-merge-html.netlify.app/assets/js/new-js-v5/meanmenu.js]
[saaslyn-merge-html.netlify.app/assets/js/new-js-v5/swiper-bundle.min.js]
[saaslyn-merge-html.netlify.app/assets/js/new-js-v5/jquery.counterup.min.js]
[saaslyn-merge-html.netlify.app/assets/js/new-js-v5/wow.min.js]
[saaslyn-merge-html.netlify.app/assets/js/new-js-v5/magnific-popup.min.js]
[saaslyn-merge-html.netlify.app/assets/js/new-js-v5/nice-select.min.js]
[saaslyn-merge-html.netlify.app/assets/js/new-js-v5/parallax.js]
[saaslyn-merge-html.netlify.app/assets/js/new-js-v5/jquery.waypoints.js]
[saaslyn-merge-html.netlify.app/assets/js/new-js-v5/script.js]
[saaslyn-merge-html.netlify.app/index-18.html]
[saaslyn-merge-html.netlify.app/assets/images/new-images-v5/banner/hero-image2.png]
[saaslyn-merge-html.netlify.app/assets/images/new-images-v5/choose/choose-image1.png]
[saaslyn-merge-html.netlify.app/assets/images/new-images-v5/choose/choose-image2.png]
[saaslyn-merge-html.netlify.app/assets/images/new-images-v5/choose/choose-image3.png]
[saaslyn-merge-html.netlify.app/assets/images/new-images-v5/choose/choose-image4.png]
[saaslyn-merge-html.netlify.app/assets/images/new-images-v5/about/about-two-image.png]
[saaslyn-merge-html.netlify.app/assets/images/new-images-v5/icon/about-icon1.png]
[saaslyn-merge-html.netlify.app/assets/images/new-images-v5/icon/about-icon2.png]
[saaslyn-merge-html.netlify.app/assets/images/new-images-v5/icon/about-icon3.png]
[saaslyn-merge-html.netlify.app/assets/images/new-images-v5/testimonial/testimonial-two-image1.png]
[saaslyn-merge-html.netlify.app/assets/images/new-images-v5/testimonial/testimonial-two-image2.png]
[saaslyn-merge-html.netlify.app/assets/images/new-images-v5/icon/save.png]
[saaslyn-merge-html.netlify.app/assets/images/new-images-v5/icon/popular.png]
[saaslyn-merge-html.netlify.app/assets/images/new-images-v5/blog/blog-image11.jpg]
[saaslyn-merge-html.netlify.app/assets/images/new-images-v5/blog/blog-image10.jpg]
[saaslyn-merge-html.netlify.app/assets/images/new-images-v5/blog/blog-image6.jpg]
[saaslyn-merge-html.netlify.app/assets/images/new-images-v5/bg/started-bg.png]
[saaslyn-merge-html.netlify.app/index-19.html]
[saaslyn-merge-html.netlify.app/assets/images/new-images-v5/banner/user-1.png]
[saaslyn-merge-html.netlify.app/assets/images/new-images-v5/banner/user-2.png]
[saaslyn-merge-html.netlify.app/assets/images/new-images-v5/banner/user-3.png]
[saaslyn-merge-html.netlify.app/assets/images/new-images-v5/banner/user-4.png]
[saaslyn-merge-html.netlify.app/assets/images/new-images-v5/banner/hero-3-shape-1.png]
[saaslyn-merge-html.netlify.app/assets/images/new-images-v5/banner/hero-three-image.png]
[saaslyn-merge-html.netlify.app/assets/images/new-images-v5/banner/hero-3-shape-2.png]
[saaslyn-merge-html.netlify.app/assets/images/new-images-v5/brand/brand-image-3-1.png]
[saaslyn-merge-html.netlify.app/assets/images/new-images-v5/brand/brand-image-3-2.png]
[saaslyn-merge-html.netlify.app/assets/images/new-images-v5/brand/brand-image-3-3.png]
[saaslyn-merge-html.netlify.app/assets/images/new-images-v5/brand/brand-image-3-4.png]
[saaslyn-merge-html.netlify.app/assets/images/new-images-v5/brand/brand-image-3-5.png]
[saaslyn-merge-html.netlify.app/assets/images/new-images-v5/about/about-three-thumb.png]
[saaslyn-merge-html.netlify.app/assets/images/new-images-v5/service/service-three-user1.png]
[saaslyn-merge-html.netlify.app/assets/images/new-images-v5/service/service-three-user2.png]
[saaslyn-merge-html.netlify.app/assets/images/new-images-v5/service/service-three-user3.png]
[saaslyn-merge-html.netlify.app/assets/images/new-images-v5/analysis/analysis-prymary-thumb.png]
[saaslyn-merge-html.netlify.app/assets/images/new-images-v5/analysis/analysis-graph.png]
[saaslyn-merge-html.netlify.app/assets/images/new-images-v5/analysis/analysis-thumb.png]
[saaslyn-merge-html.netlify.app/assets/images/new-images-v5/portfolio/portfolio-bg-1.png]
[saaslyn-merge-html.netlify.app/assets/images/new-images-v5/portfolio/portfolio-bg-2.png]
[saaslyn-merge-html.netlify.app/assets/images/new-images-v5/portfolio/portfolio-bg-3.png]
[saaslyn-merge-html.netlify.app/assets/images/new-images-v5/portfolio/portfolio-bg-4.png]
[saaslyn-merge-html.netlify.app/assets/images/new-images-v5/portfolio/portfolio-arrow.png]
[saaslyn-merge-html.netlify.app/assets/images/new-images-v5/team/team-three-avatar1.png]
[saaslyn-merge-html.netlify.app/assets/images/new-images-v5/team/team-three-thumb1.png]
[saaslyn-merge-html.netlify.app/assets/images/new-images-v5/team/team-three-avatar2.png]
[saaslyn-merge-html.netlify.app/assets/images/new-images-v5/team/team-three-thumb2.png]
[saaslyn-merge-html.netlify.app/assets/images/new-images-v5/team/team-three-avatar3.png]
[saaslyn-merge-html.netlify.app/assets/images/new-images-v5/team/team-three-thumb3.png]
[saaslyn-merge-html.netlify.app/assets/images/new-images-v5/team/team-three-avatar4.png]
[saaslyn-merge-html.netlify.app/assets/images/new-images-v5/team/team-three-thumb4.png]
[saaslyn-merge-html.netlify.app/assets/images/new-images-v5/team/team-three-avatar5.png]
[saaslyn-merge-html.netlify.app/assets/images/new-images-v5/team/team-three-thumb5.png]
[saaslyn-merge-html.netlify.app/assets/images/new-images-v5/team/team-three-avatar6.png]
[saaslyn-merge-html.netlify.app/assets/images/new-images-v5/team/team-three-thumb6.png]
[saaslyn-merge-html.netlify.app/assets/images/new-images-v5/testimonial/testimonial-three-thumb-1.png]
[saaslyn-merge-html.netlify.app/assets/images/new-images-v5/testimonial/testimonial-three-author-1.png]
[saaslyn-merge-html.netlify.app/assets/images/new-images-v5/testimonial/testimonial-three-shape.png]
[saaslyn-merge-html.netlify.app/assets/images/new-images-v5/testimonial/testimonial-three-author-2.png]
[saaslyn-merge-html.netlify.app/assets/images/new-images-v5/blog/blog-three-thumb1.png]
[saaslyn-merge-html.netlify.app/assets/images/new-images-v5/blog/blog-three-thumb2.png]
[saaslyn-merge-html.netlify.app/assets/images/new-images-v5/blog/blog-three-thumb3.png]
[saaslyn-merge-html.netlify.app/assets/images/new-images-v5/cta/cta-three-thumb.png]
[saaslyn-merge-html.netlify.app/assets/images/new-images-v5/cta/cta-three-circle-shape.png]
[saaslyn-merge-html.netlify.app/assets/images/new-images-v5/icon/footer-ball.png]
[saaslyn-merge-html.netlify.app/index-20.html]
[saaslyn-merge-html.netlify.app/assets/images/new-images-v5/banner/user-5.png]
[saaslyn-merge-html.netlify.app/assets/images/new-images-v5/banner/user-6.png]
[saaslyn-merge-html.netlify.app/assets/images/new-images-v5/banner/user-7.png]
[saaslyn-merge-html.netlify.app/assets/images/new-images-v5/banner/user-8.png]
[saaslyn-merge-html.netlify.app/assets/images/new-images-v5/banner/banner-four-circle.png]
[saaslyn-merge-html.netlify.app/assets/images/new-images-v5/banner/banner-four-thumb-1.png]
[saaslyn-merge-html.netlify.app/assets/images/new-images-v5/banner/banner-four-thumb-2.png]
[saaslyn-merge-html.netlify.app/assets/images/new-images-v5/banner/banner-four-thumb-3.png]
[saaslyn-merge-html.netlify.app/assets/images/new-images-v5/about/about-four-thumb-1.png]
[saaslyn-merge-html.netlify.app/assets/images/new-images-v5/about/about-four-shape.png]
[saaslyn-merge-html.netlify.app/assets/images/new-images-v5/about/about-four-thumb-2.png]
[saaslyn-merge-html.netlify.app/assets/images/new-images-v5/expertise/expertise-img.png]
[saaslyn-merge-html.netlify.app/assets/images/new-images-v5/expertise/expertise-four-img-1.png]
[saaslyn-merge-html.netlify.app/assets/images/new-images-v5/expertise/expertise-four-img-2.png]
[saaslyn-merge-html.netlify.app/assets/images/new-images-v5/expertise/expertise-four-img-3.png]
[saaslyn-merge-html.netlify.app/assets/images/new-images-v5/expertise/expertise-four-img-4.png]
[saaslyn-merge-html.netlify.app/assets/images/new-images-v5/service/service-four-thumb-1.png]
[saaslyn-merge-html.netlify.app/assets/images/new-images-v5/service/service-four-thumb-2.png]
[saaslyn-merge-html.netlify.app/assets/images/new-images-v5/service/service-four-thumb-3.png]
[saaslyn-merge-html.netlify.app/assets/images/new-images-v5/service/service-four-thumb-4.png]
[saaslyn-merge-html.netlify.app/assets/images/new-images-v5/service/service-four-thumb-5.png]
[saaslyn-merge-html.netlify.app/assets/images/new-images-v5/service/service-four-thumb-6.png]
[saaslyn-merge-html.netlify.app/assets/images/new-images-v5/service/service-four-thumb-7.png]
[saaslyn-merge-html.netlify.app/assets/images/new-images-v5/service/service-four-thumb-8.png]
[saaslyn-merge-html.netlify.app/assets/images/new-images-v5/portfolio/portfolio-four-thumb-1.png]
[saaslyn-merge-html.netlify.app/assets/images/new-images-v5/portfolio/portfolio-four-thumb-2.png]
[saaslyn-merge-html.netlify.app/assets/images/new-images-v5/portfolio/portfolio-four-thumb-3.png]
[saaslyn-merge-html.netlify.app/assets/images/new-images-v5/portfolio/portfolio-four-thumb-4.png]
[saaslyn-merge-html.netlify.app/assets/images/new-images-v5/portfolio/portfolio-four-thumb-5.png]
[saaslyn-merge-html.netlify.app/assets/images/new-images-v5/choose/chooseUs-four-thumb.png]
[saaslyn-merge-html.netlify.app/assets/images/new-images-v5/choose/chooseUs-four-g1.png]
[saaslyn-merge-html.netlify.app/assets/images/new-images-v5/testimonial/testimonial-four-s1.png]
[saaslyn-merge-html.netlify.app/assets/images/new-images-v5/testimonial/testimonial-four-avatar-1.png]
[saaslyn-merge-html.netlify.app/assets/images/new-images-v5/testimonial/testimonial-four-avatar-2.png]
[saaslyn-merge-html.netlify.app/assets/images/new-images-v5/testimonial/testimonial-four-avatar-3.png]
[saaslyn-merge-html.netlify.app/assets/images/new-images-v5/testimonial/testimonial-four-thumb.png]
[saaslyn-merge-html.netlify.app/assets/images/new-images-v5/brand/brand-image-4-1.png]
[saaslyn-merge-html.netlify.app/assets/images/new-images-v5/brand/brand-image-4-2.png]
[saaslyn-merge-html.netlify.app/assets/images/new-images-v5/brand/brand-image-4-3.png]
[saaslyn-merge-html.netlify.app/assets/images/new-images-v5/brand/brand-image-4-4.png]
[saaslyn-merge-html.netlify.app/assets/images/new-images-v5/brand/brand-image-4-5.png]
[saaslyn-merge-html.netlify.app/assets/images/new-images-v5/team/team-four-thumb-1.png]
[saaslyn-merge-html.netlify.app/assets/images/new-images-v5/team/team-four-thumb-2.png]
[saaslyn-merge-html.netlify.app/assets/images/new-images-v5/team/team-four-thumb-3.png]
[saaslyn-merge-html.netlify.app/assets/images/new-images-v5/team/team-four-thumb-4.png]
[saaslyn-merge-html.netlify.app/assets/images/new-images-v5/blog/blog-four-avatar-1.png]
[saaslyn-merge-html.netlify.app/assets/images/new-images-v5/blog/blog-four-image-1.png]
[saaslyn-merge-html.netlify.app/assets/images/new-images-v5/blog/blog-four-avatar-2.png]
[saaslyn-merge-html.netlify.app/assets/images/new-images-v5/blog/blog-four-image-2.png]
[saaslyn-merge-html.netlify.app/assets/images/new-images-v5/blog/blog-four-avatar-3.png]
[saaslyn-merge-html.netlify.app/assets/images/new-images-v5/blog/blog-four-image-3.png]
[saaslyn-merge-html.netlify.app/index-21.html]
[saaslyn-merge-html.netlify.app/assets/images/breadcrumb/breadcrumb-bg.png]
[saaslyn-merge-html.netlify.app/assets/images/appreciation/customer-1.png]
[saaslyn-merge-html.netlify.app/assets/images/appreciation/customer-2.png]
[saaslyn-merge-html.netlify.app/assets/images/appreciation/customer-3.png]
[saaslyn-merge-html.netlify.app/assets/images/appreciation/customer-4.png]
[saaslyn-merge-html.netlify.app/assets/images/appreciation/appreciation-thumb.png]
[saaslyn-merge-html.netlify.app/about.html]
[saaslyn-merge-html.netlify.app/features.html]
[saaslyn-merge-html.netlify.app/assets/images/choose-us/choose-img.png]
[saaslyn-merge-html.netlify.app/service.html]
[saaslyn-merge-html.netlify.app/assets/images/service-details/service-details-thumbnail.png]
[saaslyn-merge-html.netlify.app/assets/images/service-details/blockquote.png]
[saaslyn-merge-html.netlify.app/assets/images/service-details/blockquote-author.png]
[saaslyn-merge-html.netlify.app/service-details.html]
[saaslyn-merge-html.netlify.app/assets/images/team/team-thumb-1.png]
[saaslyn-merge-html.netlify.app/assets/images/team/team-thumb-2.png]
[saaslyn-merge-html.netlify.app/assets/images/team/team-thumb-3.png]
[saaslyn-merge-html.netlify.app/assets/images/team/team-thumb-4.png]
[saaslyn-merge-html.netlify.app/assets/images/team/team-thumb-5.png]
[saaslyn-merge-html.netlify.app/assets/images/team/team-thumb-6.png]
[saaslyn-merge-html.netlify.app/assets/images/team/team-thumb-7.png]
[saaslyn-merge-html.netlify.app/assets/images/team/team-thumb-8.png]
[saaslyn-merge-html.netlify.app/assets/images/team/team-thumb-9.png]
[saaslyn-merge-html.netlify.app/assets/images/team/team-thumb-10.png]
[saaslyn-merge-html.netlify.app/assets/images/team/team-thumb-11.png]
[saaslyn-merge-html.netlify.app/assets/images/team/team-thumb-12.png]
[saaslyn-merge-html.netlify.app/team.html]
[saaslyn-merge-html.netlify.app/assets/images/team-details/team-details-thumb.png]
[saaslyn-merge-html.netlify.app/team-details.html]
[saaslyn-merge-html.netlify.app/pricing.html]
[saaslyn-merge-html.netlify.app/faq.html]
[saaslyn-merge-html.netlify.app/login.html]
[saaslyn-merge-html.netlify.app/sign-up.html]
[saaslyn-merge-html.netlify.app/terms-condition.html]
[saaslyn-merge-html.netlify.app/privacy-policy.html]
[saaslyn-merge-html.netlify.app/assets/images/error-404.svg]
[saaslyn-merge-html.netlify.app/404.html]
[saaslyn-merge-html.netlify.app/assets/images/blog/blog-thumb-4.png]
[saaslyn-merge-html.netlify.app/assets/images/blog/blog-thumb-5.png]
[saaslyn-merge-html.netlify.app/assets/images/blog/blog-thumb-6.png]
[saaslyn-merge-html.netlify.app/blog.html]
[saaslyn-merge-html.netlify.app/assets/images/blog/blog-thumb-7.png]
[saaslyn-merge-html.netlify.app/assets/images/blog/blog-thumb-8.png]
[saaslyn-merge-html.netlify.app/assets/images/blog/blog-thumb-9.png]
[saaslyn-merge-html.netlify.app/assets/images/blog/latest-post-1.png]
[saaslyn-merge-html.netlify.app/assets/images/blog/latest-post-2.png]
[saaslyn-merge-html.netlify.app/assets/images/blog/latest-post-3.png]
[saaslyn-merge-html.netlify.app/blog-standard.html]
[saaslyn-merge-html.netlify.app/assets/images/breadcrumb/breadcrumb-bg-2.png]
[saaslyn-merge-html.netlify.app/assets/images/blog/blog-details-thumb-1.png]
[saaslyn-merge-html.netlify.app/assets/images/blog/author-1.png]
[saaslyn-merge-html.netlify.app/assets/images/blog/author-2.png]
[saaslyn-merge-html.netlify.app/blog-details.html]
[saaslyn-merge-html.netlify.app/assets/images/contact/contact-thumb.png]
[saaslyn-merge-html.netlify.app/contact.html]
[saaslyn-merge-html.netlify.app/assets/images/footer-long-text.svg]
[saaslyn-merge-html.netlify.app/assets/plugins/bootstrap.min.css]
[saaslyn-merge-html.netlify.app/assets/plugins/fortAwesome.css]
[saaslyn-merge-html.netlify.app/assets/plugins/select2.css]
[saaslyn-merge-html.netlify.app/assets/plugins/swiper-bundle.min.css]
[saaslyn-merge-html.netlify.app/assets/plugins/meanmenu.min.css]
[saaslyn-merge-html.netlify.app/assets/plugins/magnific-popup.css]
[saaslyn-merge-html.netlify.app/assets/plugins/lenis.css]
[saaslyn-merge-html.netlify.app/assets/images/logo-2.svg]
[saaslyn-merge-html.netlify.app/assets/images/features/features-2-item-thumb-1.svg]
[saaslyn-merge-html.netlify.app/assets/images/features/features-2-item-thumb-2.svg]
[saaslyn-merge-html.netlify.app/assets/images/features/features-2-item-thumb-3.svg]
[saaslyn-merge-html.netlify.app/assets/images/features/features-2-item-thumb-4.svg]
[saaslyn-merge-html.netlify.app/assets/images/pricing/pricing-2-money-icon.svg]
[saaslyn-merge-html.netlify.app/assets/images/features/features-3-bg-doots.svg]
[saaslyn-merge-html.netlify.app/assets/images/features/features-3-features.svg]
[saaslyn-merge-html.netlify.app/assets/images/cta/cta-3-dot-bg.svg]
[saaslyn-merge-html.netlify.app/assets/images/cta/cta-3-doll-1.svg]
[saaslyn-merge-html.netlify.app/assets/images/cta/cta-3-doll-2.svg]
[saaslyn-merge-html.netlify.app/assets/images/footer/footer-three-bg.svg]
[saaslyn-merge-html.netlify.app/assets/images/logo-light.svg]
[saaslyn-merge-html.netlify.app/assets/images/footer/footer-3-logo.svg]
[saaslyn-merge-html.netlify.app/assets/css/new-css-v2/plugins.css]
[saaslyn-merge-html.netlify.app/assets/css/new-css-v2/style.css]
[saaslyn-merge-html.netlify.app/about-one.html]
[saaslyn-merge-html.netlify.app/about-two.html]
[saaslyn-merge-html.netlify.app/blog-two.html]
[saaslyn-merge-html.netlify.app/blog-sidebar.html]
[saaslyn-merge-html.netlify.app/blog-details-v3.html]
[saaslyn-merge-html.netlify.app/pricing-v2.html]
[saaslyn-merge-html.netlify.app/service-v2.html]
[saaslyn-merge-html.netlify.app/teams.html]
[saaslyn-merge-html.netlify.app/teams-details.html]
[saaslyn-merge-html.netlify.app/testimonial.html]
[saaslyn-merge-html.netlify.app/faq-v2.html]
[saaslyn-merge-html.netlify.app/sign-in.html]
[saaslyn-merge-html.netlify.app/sign-up-v2.html]
[saaslyn-merge-html.netlify.app/password.html]
[saaslyn-merge-html.netlify.app/privacy.html]
[saaslyn-merge-html.netlify.app/terms.html]
[saaslyn-merge-html.netlify.app/error.html]
[saaslyn-merge-html.netlify.app/contact-v1.html]
[saaslyn-merge-html.netlify.app/assets/images/new-images-v2/data/data-1.svg]
[saaslyn-merge-html.netlify.app/assets/images/new-images-v2/data/data-2.svg]
[saaslyn-merge-html.netlify.app/assets/images/new-images-v2/home-5/powerai-text.svg]
[saaslyn-merge-html.netlify.app/assets/css/new-css/jquery.fancybox.min.css]
[saaslyn-merge-html.netlify.app/assets/css/new-css/dropzone.min.css]
[saaslyn-merge-html.netlify.app/assets/css/new-css/bootstrap-icons.css]
[saaslyn-merge-html.netlify.app/assets/css/new-css/animate.css]
[saaslyn-merge-html.netlify.app/assets/css/new-css/swiper-bundle.min.css]
[saaslyn-merge-html.netlify.app/assets/css/new-css/bootstrap.min.css]
[saaslyn-merge-html.netlify.app/assets/css/new-css/style.css]
[saaslyn-merge-html.netlify.app/assets/css/new-css/responsive.css]
[saaslyn-merge-html.netlify.app/about-us.html]
[saaslyn-merge-html.netlify.app/profile.html]
[saaslyn-merge-html.netlify.app/login-v2.html]
[saaslyn-merge-html.netlify.app/register.html]
[saaslyn-merge-html.netlify.app/contact-v2.html]
[saaslyn-merge-html.netlify.app/blog-grid.html]
[saaslyn-merge-html.netlify.app/blog-details-v2.html]
[saaslyn-merge-html.netlify.app/assets/images/new-images/icons/red-heart.svg]
[saaslyn-merge-html.netlify.app/collection.html]
[saaslyn-merge-html.netlify.app/assets/images/new-images/shapes/nut-svg.svg]
[saaslyn-merge-html.netlify.app/assets/images/new-images/icons/tick-stylish.svg]
[saaslyn-merge-html.netlify.app/assets/images/new-images/shapes/feature-bg.svg]
[saaslyn-merge-html.netlify.app/assets/images/new-images/shapes/feature-bg-d.svg]
[saaslyn-merge-html.netlify.app/assets/images/new-images/icons/feature-custom-one.svg]
[saaslyn-merge-html.netlify.app/assets/images/new-images/icons/feature-custom-one-d.svg]
[saaslyn-merge-html.netlify.app/assets/images/new-images/icons/feature-custom-two.svg]
[saaslyn-merge-html.netlify.app/assets/images/new-images/icons/feature-custom-two-d.svg]
[saaslyn-merge-html.netlify.app/assets/images/new-images/icons/feature-custom-three.svg]
[saaslyn-merge-html.netlify.app/assets/images/new-images/icons/feature-custom-three-d.svg]
[saaslyn-merge-html.netlify.app/assets/images/new-images/shapes/hero-star.svg]
[saaslyn-merge-html.netlify.app/assets/images/new-images/icons/tick-yellow-x.svg]
[saaslyn-merge-html.netlify.app/assets/images/new-images/icons/process-doc.svg]
[saaslyn-merge-html.netlify.app/assets/images/new-images/icons/process-card.svg]
[saaslyn-merge-html.netlify.app/assets/images/new-images/icons/process-sell.svg]
[saaslyn-merge-html.netlify.app/assets/images/new-images/icons/process-add.svg]
[saaslyn-merge-html.netlify.app/assets/images/new-images-v2/hero/ratings.svg]
[saaslyn-merge-html.netlify.app/assets/images/new-images-v2/shapes/cs-hero-light.svg]
[saaslyn-merge-html.netlify.app/assets/images/new-images-v2/features/feature-1.svg]
[saaslyn-merge-html.netlify.app/assets/images/new-images-v2/features/feature-2.svg]
[saaslyn-merge-html.netlify.app/assets/images/new-images-v2/features/feature-3.svg]
[saaslyn-merge-html.netlify.app/assets/images/new-images-v2/features/feature-4.svg]
[saaslyn-merge-html.netlify.app/assets/images/new-images-v2/features/feature-5.svg]
[saaslyn-merge-html.netlify.app/assets/images/new-images-v2/features/feature-6.svg]
[saaslyn-merge-html.netlify.app/assets/images/new-images-v2/icon/features-1.svg]
[saaslyn-merge-html.netlify.app/assets/images/new-images-v2/icon/features-2.svg]
[saaslyn-merge-html.netlify.app/assets/images/new-images-v2/icon/feature-3.svg]
[saaslyn-merge-html.netlify.app/assets/css/new-css-v3/boxicons.min.css]
[saaslyn-merge-html.netlify.app/assets/css/new-css-v3/bootstrap-icons.css]
[saaslyn-merge-html.netlify.app/assets/css/new-css-v3/owl.carousel.min.css]
[saaslyn-merge-html.netlify.app/assets/css/new-css-v3/magnific-popup.css]
[saaslyn-merge-html.netlify.app/assets/css/new-css-v3/nice-select.css]
[saaslyn-merge-html.netlify.app/assets/css/new-css-v3/odometer.css]
[saaslyn-merge-html.netlify.app/assets/css/new-css-v3/bootstrap.min.css]
[saaslyn-merge-html.netlify.app/assets/css/new-css-v3/animate.css]
[saaslyn-merge-html.netlify.app/assets/css/new-css-v3/style.css]
[saaslyn-merge-html.netlify.app/assets/css/new-css-v3/responsive.css]
[saaslyn-merge-html.netlify.app/about-three.html]
[saaslyn-merge-html.netlify.app/service-v3.html]
[saaslyn-merge-html.netlify.app/service-details-v2.html]
[saaslyn-merge-html.netlify.app/blog-three.html]
[saaslyn-merge-html.netlify.app/blog-sidebar-v2.html]
[saaslyn-merge-html.netlify.app/blog-details-v4.html]
[saaslyn-merge-html.netlify.app/project.html]
[saaslyn-merge-html.netlify.app/project-sidebar-v2.html]
[saaslyn-merge-html.netlify.app/project-details.html]
[saaslyn-merge-html.netlify.app/team-v2.html]
[saaslyn-merge-html.netlify.app/gallery.html]
[saaslyn-merge-html.netlify.app/price.html]
[saaslyn-merge-html.netlify.app/testimonial-v2.html]
[saaslyn-merge-html.netlify.app/working-process.html]
[saaslyn-merge-html.netlify.app/faq-v3.html]
[saaslyn-merge-html.netlify.app/contact-v3.html]
[saaslyn-merge-html.netlify.app/assets/images/new-images-v3/shape/footer-1.svg]
[saaslyn-merge-html.netlify.app/assets/css/new-css-v4/bootstrap-icons.css]
[saaslyn-merge-html.netlify.app/assets/css/new-css-v4/animate.css]
[saaslyn-merge-html.netlify.app/assets/css/new-css-v4/swiper-bundle.min.css]
[saaslyn-merge-html.netlify.app/assets/css/new-css-v4/bootstrap.min.css]
[saaslyn-merge-html.netlify.app/assets/css/new-css-v4/style.css]
[saaslyn-merge-html.netlify.app/assets/css/new-css-v4/responsive.css]
[saaslyn-merge-html.netlify.app/about-four.html]
[saaslyn-merge-html.netlify.app/service-v4.html]
[saaslyn-merge-html.netlify.app/service-details-v3.html]
[saaslyn-merge-html.netlify.app/blog-four.html]
[saaslyn-merge-html.netlify.app/blog-details-v5.html]
[saaslyn-merge-html.netlify.app/price-v2.html]
[saaslyn-merge-html.netlify.app/contact-v4.html]
[saaslyn-merge-html.netlify.app/assets/images/new-images-v4/shapes/shape-wave.svg]
[saaslyn-merge-html.netlify.app/assets/images/new-images-v4/shapes/hero-line-vactor.svg]
[saaslyn-merge-html.netlify.app/assets/images/new-images-v4/shapes/hero-dots.svg]
[saaslyn-merge-html.netlify.app/assets/images/new-images-v4/Icons/user_three.svg]
[saaslyn-merge-html.netlify.app/assets/images/new-images-v4/Icons/download.svg]
[saaslyn-merge-html.netlify.app/assets/images/new-images-v4/Icons/user_two.svg]
[saaslyn-merge-html.netlify.app/assets/images/new-images-v4/Icons/time-circle.svg]
[saaslyn-merge-html.netlify.app/assets/images/new-images-v4/Icons/Chart.svg]
[saaslyn-merge-html.netlify.app/assets/images/new-images-v4/Icons/Graph.svg]
[saaslyn-merge-html.netlify.app/assets/images/new-images-v4/shapes/features-line-vactor.svg]
[saaslyn-merge-html.netlify.app/assets/images/new-images-v4/shapes/features-dots.svg]
[saaslyn-merge-html.netlify.app/assets/images/new-images-v4/Icons/form-Icon.svg]
[saaslyn-merge-html.netlify.app/assets/images/new-images-v4/shapes/hero-two-ball.png]
[saaslyn-merge-html.netlify.app/assets/js/new-js-v4/main.js]
[saaslyn-merge-html.netlify.app/assets/images/new-images-v4/hero/hero-mobil-screen.png]
[saaslyn-merge-html.netlify.app/assets/images/new-images-v4/shapes/hero-two-sheet.png]
[saaslyn-merge-html.netlify.app/assets/images/new-images-v4/shapes/3d_rocket.png]
[saaslyn-merge-html.netlify.app/assets/images/new-images-v4/Icons/task-list-icon.svg]
[saaslyn-merge-html.netlify.app/assets/images/new-images-v4/Icons/bell-icon.svg]
[saaslyn-merge-html.netlify.app/assets/images/new-images-v4/Icons/agenda-icon.svg]
[saaslyn-merge-html.netlify.app/assets/images/new-images-v4/Icons/tracker-icon.svg]
[saaslyn-merge-html.netlify.app/assets/images/new-images-v4/Icons/dashbord-icon.svg]
[saaslyn-merge-html.netlify.app/assets/images/new-images-v4/Icons/calendar-icon-2.svg]
[saaslyn-merge-html.netlify.app/assets/images/new-images-v4/Icons/min-icon-xl.svg]
[saaslyn-merge-html.netlify.app/assets/images/new-images-v4/Icons/hourglass-icon-xl.svg]
[saaslyn-merge-html.netlify.app/assets/images/new-images-v4/Icons/wallet-icon-xl.svg]
[saaslyn-merge-html.netlify.app/assets/images/new-images-v4/shapes/ring-text-highlighter.svg]
[saaslyn-merge-html.netlify.app/assets/images/new-images-v4/shapes/ring-text-highlighter-two.svg]
[saaslyn-merge-html.netlify.app/assets/images/new-images-v4/shapes/ring-text-highlighter-three.svg]
[saaslyn-merge-html.netlify.app/assets/images/new-images-v4/Icons/swap-icon-g.svg]
[saaslyn-merge-html.netlify.app/assets/images/new-images-v4/Icons/wallet-icon-g.svg]
[saaslyn-merge-html.netlify.app/assets/images/new-images-v4/Icons/paper-plus-icon-g.svg]
[saaslyn-merge-html.netlify.app/assets/images/new-images-v4/Icons/history-icon-g.svg]
[saaslyn-merge-html.netlify.app/assets/images/new-images-v4/shapes/ring-text-highlighter-four.svg]
[saaslyn-merge-html.netlify.app/assets/images/new-images-v4/Icons/green-doller-icon.svg]
[saaslyn-merge-html.netlify.app/assets/images/new-images-v4/Icons/green-lock-icon.svg]
[saaslyn-merge-html.netlify.app/assets/images/new-images-v4/Icons/green-finger-icon.svg]
[saaslyn-merge-html.netlify.app/assets/images/new-images-v4/Icons/green-qr-icon.svg]
[saaslyn-merge-html.netlify.app/assets/images/new-images-v4/shapes/hero-ai-paralux.svg]
[saaslyn-merge-html.netlify.app/assets/images/new-images-v4/ai-services.svg]
[saaslyn-merge-html.netlify.app/assets/images/new-images-v4/service/ai-service-1.svg]
[saaslyn-merge-html.netlify.app/assets/images/new-images-v4/service/ai-service-2.svg]
[saaslyn-merge-html.netlify.app/assets/images/new-images-v4/service/ai-service-3.svg]
[saaslyn-merge-html.netlify.app/assets/images/new-images-v4/service/ai-service-4.svg]
[saaslyn-merge-html.netlify.app/assets/images/new-images-v4/dream/deram-1.svg]
[saaslyn-merge-html.netlify.app/assets/images/new-images-v4/dream/deram-2.svg]
[saaslyn-merge-html.netlify.app/assets/images/new-images-v4/dream/deram-3.svg]
[saaslyn-merge-html.netlify.app/assets/css/new-css-v5/bootstrap.min.css]
[saaslyn-merge-html.netlify.app/assets/css/new-css-v5/meanmenu.css]
[saaslyn-merge-html.netlify.app/assets/css/new-css-v5/all.min.css]
[saaslyn-merge-html.netlify.app/assets/css/new-css-v5/swiper-bundle.min.css]
[saaslyn-merge-html.netlify.app/assets/css/new-css-v5/magnific-popup.css]
[saaslyn-merge-html.netlify.app/assets/css/new-css-v5/animate.css]
[saaslyn-merge-html.netlify.app/assets/css/new-css-v5/nice-select.css]
[saaslyn-merge-html.netlify.app/assets/css/new-css-v5/style.css]
[saaslyn-merge-html.netlify.app/about-five.html]
[saaslyn-merge-html.netlify.app/service-v5.html]
[saaslyn-merge-html.netlify.app/service-details-v4.html]
[saaslyn-merge-html.netlify.app/team-v3.html]
[saaslyn-merge-html.netlify.app/team-details-v2.html]
[saaslyn-merge-html.netlify.app/pricing-v3.html]
[saaslyn-merge-html.netlify.app/book-demo.html]
[saaslyn-merge-html.netlify.app/error-v2.html]
[saaslyn-merge-html.netlify.app/blog-five.html]
[saaslyn-merge-html.netlify.app/blog-six.html]
[saaslyn-merge-html.netlify.app/blog-details-v6.html]
[saaslyn-merge-html.netlify.app/contact-v5.html]
[saaslyn-merge-html.netlify.app/tab-content1.html]
[saaslyn-merge-html.netlify.app/tab-content2.html]
[saaslyn-merge-html.netlify.app/tab-content3.html]
[saaslyn-merge-html.netlify.app/book.html]
[saaslyn-merge-html.netlify.app/assets/images/error-404.svg]
[saaslyn-merge-html.netlify.app/assets/images/new-images-v4/shapes/text-cuntom-underline.svg]
